
[1m[46m RUN [49m[22m [36mv4.1.2 [39m[90mD:/MuhimmatAltawseel/frontend[39m

 [31mΓ¥»[39m modules/orders/utils/spreadsheetFileOps.test.ts [2m([22m[2m2 tests[22m[2m | [22m[31m2 failed[39m[2m)[22m[32m 21[2mms[22m[39m
[31m     [31m├ù[31m clears the month when the grid is empty instead of blocking save[39m[32m 17[2mms[22m[39m
[31m     [31m├ù[31m still blocks saving when the grid only contains invalid rows[39m[32m 1[2mms[22m[39m
node.exe : 
At line:1 char:1
+ & "C:\Program 
Files\nodejs/node.exe" 
"C:\Program 
Files\nodejs/node_mo ...
+ ~~~~~~~~~~~~~~~~~~~~~~~~
~~~~~~~~~~~~~~~~~~~~~~~~~~
~~~~~~~~~~~~~~~~~~~
    + CategoryInfo        
      : NotSpecified: (:  
  String) [], RemoteExc   
 eption
    + FullyQualifiedError 
   Id : NativeCommandErr  
  or
 
[31mΓÄ»ΓÄ»ΓÄ»ΓÄ»ΓÄ»ΓÄ»ΓÄ»
[39m[1m[41m Failed 
Tests 2 [49m[22m[31mΓÄ»
ΓÄ»ΓÄ»ΓÄ»ΓÄ»ΓÄ»ΓÄ»[39m

[41m[1m FAIL [22m[49m 
modules/orders/utils/sprea
dsheetFileOps.test.ts[2m 
> [22msaveSpreadsheetMont
h[2m > [22mclears the 
month when the grid is 
empty instead of blocking 
save
[31m[1mAssertionError[2
2m: expected "vi.fn()" to 
be called with arguments: 
[ '2026-04', [] ][90m

Received:

[1m  1st vi.fn() call:

[22m[2m  [[22m
[2m    "2026-04",[22m
[2m    [],[22m
[31m+   200,[90m
[31m+   undefined,[90m
[2m  ][22m
[31m[90m

Number of calls: 
[1m1[22m
[31m[39m
[36m [2mΓ¥»[22m modules
/orders/utils/spreadsheetF
ileOps.test.ts:[2m48:34[
22m[39m
    [90m 46|[39m
    [90m 47|[39m     [3
4mexpect[39m(result)[33m
.[39m[34mtoBe[39m([35m
true[39m)[33m;[39m
    [90m 48|[39m     [3
4mexpect[39m(replaceMonth
DataMock)[33m.[39m[34mt
oHaveBeenCalledWith[39m(
[32m'2026-04'[39m[33m,[
39m [])[33m;[39m
    [90m   |[39m        
                          
[31m^[39m
    [90m 49|[39m     [3
4mexpect[39m(toastMocks[
33m.[39msuccess)[33m.[3
9m[34mtoHaveBeenCalledTim
es[39m([34m1[39m)[33m;
[39m
    [90m 50|[39m     [3
4mexpect[39m(toastMocks[
33m.[39merror)[33m.[39m
not[33m.[39m[34mtoHaveB
eenCalled[39m()[33m;[39
m

[31m[2mΓÄ»ΓÄ»ΓÄ»ΓÄ»ΓÄ»ΓÄ
»ΓÄ»ΓÄ»ΓÄ»ΓÄ»ΓÄ»ΓÄ»ΓÄ»ΓÄ»Γ
Ä»ΓÄ»ΓÄ»ΓÄ»ΓÄ»ΓÄ»ΓÄ»ΓÄ»ΓÄ»
ΓÄ»[1/2]ΓÄ»[22m[39m

[41m[1m FAIL [22m[49m 
modules/orders/utils/sprea
dsheetFileOps.test.ts[2m 
> [22msaveSpreadsheetMont
h[2m > [22mstill blocks 
saving when the grid only 
contains invalid rows
[31m[1mError[22m: 
[vitest] No "logger" 
export is defined on the 
"@shared/lib/logger" 
mock. Did you forget to 
return it from "vi.mock"?
If you need to partially 
mock a module, you can 
use "importOriginal" 
helper inside:
[39m
vi.mock(import("@shared/li
b/logger"), async 
(importOriginal) => {
  const actual = await 
importOriginal()
  return {
    ...actual,
    // your mocked methods
  }
})

[36m [2mΓ¥»[22m Module.
saveSpreadsheetMonth modul
es/orders/utils/spreadshee
tFileOps.ts:[2m407:5[22m
[39m
    [90m405|[39m
    [90m406|[39m   
[35mif[39m (invalidRows
[33m.[39mlength 
[33m>[39m [34m0[39m) {
    [90m407|[39m     
logger.warn('╪¬┘à 
╪¬╪¼╪º┘ç┘ä ╪¿┘è╪º┘å╪º╪¬ 
╪║┘è╪▒ ╪╡╪¡┘è╪¡╪⌐', { 
meta: { invalidRows } }ΓÇª
    [90m   |[39m     
[31m^[39m
    [90m408|[39m     toa
st[33m.[39m[34mwarning
[39m([32m'╪¬┘à 
╪¬╪¼╪º┘ç┘ä ╪¿╪╣╪╢ 
╪º┘ä╪¿┘è╪º┘å╪º╪¬ ┘é╪¿┘ä ╪º
┘ä╪¡┘ü╪╕'[39m[33m,[39m 
{
    [90m409|[39m       
description[33m:[39m [3
4msummarizeMessages[39m(i
nvalidRows)
[90m [2mΓ¥»[22m modules
/orders/utils/spreadsheetF
ileOps.test.ts:[2m58:26[
22m[39m

[31m[2mΓÄ»ΓÄ»ΓÄ»ΓÄ»ΓÄ»ΓÄ
»ΓÄ»ΓÄ»ΓÄ»ΓÄ»ΓÄ»ΓÄ»ΓÄ»ΓÄ»Γ
Ä»ΓÄ»ΓÄ»ΓÄ»ΓÄ»ΓÄ»ΓÄ»ΓÄ»ΓÄ»
ΓÄ»[2/2]ΓÄ»[22m[39m


[2m Test Files [22m [1m[31m1 failed[39m[22m[90m (1)[39m
[2m      Tests [22m [1m[31m2 failed[39m[22m[90m (2)[39m
[2m   Start at [22m 12:34:52
[2m   Duration [22m 960ms[2m (transform 95ms, setup 133ms, import 74ms, tests 21ms, environment 600ms)[22m

