app/App.tsx(35,27): error TS2322: Type 'Promise<typeof import("D:/MuhimmatAltawseel/frontend/modules/pages/Alerts")>' is not assignable to type 'Promise<{ default: ComponentType<any>; }>'.
  Property 'default' is missing in type 'typeof import("D:/MuhimmatAltawseel/frontend/modules/pages/Alerts")' but required in type '{ default: ComponentType<any>; }'.
app/App.tsx(197,15): error TS2353: Object literal may only specify known properties, and 'v7_relativeSplatPath' does not exist in type 'Partial<Pick<FutureConfig, "v7_startTransition">>'.
app/providers/AuthContext.tsx(153,41): error TS2367: This comparison appears to be unintentional because the types '"INITIAL_SESSION" | "PASSWORD_RECOVERY" | "SIGNED_IN" | "TOKEN_REFRESHED" | "USER_UPDATED" | "MFA_CHALLENGE_VERIFIED"' and '"TOKEN_REFRESH_FAILED"' have no overlap.
modules/apps/pages/AppSettingsPage.tsx(22,42): error TS2339: Property 'id' does not exist on type 'SelectQueryError<"column 'work_type' does not exist on 'apps'.">'.
modules/apps/pages/AppSettingsPage.tsx(27,41): error TS2339: Property 'id' does not exist on type 'SelectQueryError<"column 'work_type' does not exist on 'apps'.">'.
modules/apps/pages/AppSettingsPage.tsx(28,7): error TS2698: Spread types may only be created from object types.
modules/apps/pages/AppSettingsPage.tsx(56,30): error TS2339: Property 'id' does not exist on type 'SelectQueryError<"column 'work_type' does not exist on 'apps'.">'.
modules/apps/pages/AppSettingsPage.tsx(57,32): error TS2339: Property 'name' does not exist on type 'SelectQueryError<"column 'work_type' does not exist on 'apps'.">'.
modules/apps/pages/AppSettingsPage.tsx(58,40): error TS2339: Property 'work_type' does not exist on type 'SelectQueryError<"column 'work_type' does not exist on 'apps'.">'.
modules/apps/pages/AppSettingsPage.tsx(77,22): error TS2339: Property 'id' does not exist on type 'SelectQueryError<"column 'work_type' does not exist on 'apps'.">'.
modules/apps/pages/AppSettingsPage.tsx(78,49): error TS2339: Property 'id' does not exist on type 'SelectQueryError<"column 'work_type' does not exist on 'apps'.">'.
modules/apps/pages/AppSettingsPage.tsx(83,45): error TS2339: Property 'brand_color' does not exist on type 'SelectQueryError<"column 'work_type' does not exist on 'apps'.">'.
modules/apps/pages/AppSettingsPage.tsx(83,69): error TS2339: Property 'text_color' does not exist on type 'SelectQueryError<"column 'work_type' does not exist on 'apps'.">'.
modules/apps/pages/AppSettingsPage.tsx(85,20): error TS2339: Property 'name' does not exist on type 'SelectQueryError<"column 'work_type' does not exist on 'apps'.">'.
modules/apps/pages/AppSettingsPage.tsx(88,48): error TS2339: Property 'name' does not exist on type 'SelectQueryError<"column 'work_type' does not exist on 'apps'.">'.
modules/apps/pages/AppSettingsPage.tsx(90,22): error TS2339: Property 'work_type' does not exist on type 'SelectQueryError<"column 'work_type' does not exist on 'apps'.">'.
modules/apps/pages/AppSettingsPage.tsx(91,22): error TS2339: Property 'work_type' does not exist on type 'SelectQueryError<"column 'work_type' does not exist on 'apps'.">'.
modules/apps/pages/AppSettingsPage.tsx(92,22): error TS2339: Property 'work_type' does not exist on type 'SelectQueryError<"column 'work_type' does not exist on 'apps'.">'.
modules/apps/pages/AppSettingsPage.tsx(93,23): error TS2339: Property 'work_type' does not exist on type 'SelectQueryError<"column 'work_type' does not exist on 'apps'.">'.
modules/dashboard/lib/performanceEngine.ts(416,5): error TS2741: Property 'good' is missing in type '{ excellent: number; average: number; weak: number; }' but required in type '{ excellent: number; good: number; average: number; weak: number; }'.
modules/employees/components/EmployeeTable.tsx(1210,40): error TS2339: Property 'key' does not exist on type 'never'.
modules/employees/model/employeeCity.ts(89,6): error TS2550: Property 'replaceAll' does not exist on type 'string'. Do you need to change your target library? Try changing the 'lib' compiler option to 'es2021' or later.
modules/employees/model/employeeCity.ts(102,54): error TS2339: Property 'aliases' does not exist on type '{ readonly value: "riyadh"; readonly label: "الرياض"; } | { readonly value: "alkharj"; readonly label: "الخرج"; readonly aliases: ["kharj"]; } | { readonly value: "majmaah"; readonly label: "المجمعة"; readonly aliases: [...]; } | ... 73 more ... | { ...; }'.
modules/orders/components/ShiftsTabWrapper.tsx(62,24): error TS2339: Property 'notes' does not exist on type 'ShiftRow'.
modules/orders/components/ShiftsTabWrapper.tsx(85,7): error TS2322: Type 'ResultOne[]' is not assignable to type 'ShiftRow[]'.
  Type 'ResultOne' is not assignable to type 'ShiftRow'.
modules/orders/utils/spreadsheetFileOps.ts(210,83): error TS2304: Cannot find name 'year'.
modules/orders/utils/spreadsheetFileOps.ts(210,89): error TS2304: Cannot find name 'month'.
modules/salaries/hooks/useSalaryTable.ts(65,41): error TS2352: Conversion of type 'SalaryRow' to type 'Record<string, unknown>' may be a mistake because neither type sufficiently overlaps with the other. If this was intentional, convert the expression to 'unknown' first.
  Index signature for type 'string' is missing in type 'SalaryRow'.
services/advanceService.ts(50,15): error TS2352: Conversion of type 'AdvancePayload' to type 'Record<string, unknown>' may be a mistake because neither type sufficiently overlaps with the other. If this was intentional, convert the expression to 'unknown' first.
  Index signature for type 'string' is missing in type 'AdvancePayload'.
services/advanceService.ts(50,15): error TS2769: No overload matches this call.
  Overload 1 of 2, '(values: { amount: number; approved_by?: string; created_at?: string; disbursement_date?: string; employee_id: string; first_deduction_month: string; id?: string; is_written_off?: boolean; monthly_amount: number; ... 5 more ...; written_off_reason?: string; }, options?: { ...; }): PostgrestFilterBuilder<...>', gave the following error.
    Argument of type 'Record<string, unknown>' is not assignable to parameter of type '{ amount: number; approved_by?: string; created_at?: string; disbursement_date?: string; employee_id: string; first_deduction_month: string; id?: string; is_written_off?: boolean; monthly_amount: number; ... 5 more ...; written_off_reason?: string; }'.
      Type 'Record<string, unknown>' is missing the following properties from type '{ amount: number; approved_by?: string; created_at?: string; disbursement_date?: string; employee_id: string; first_deduction_month: string; id?: string; is_written_off?: boolean; monthly_amount: number; ... 5 more ...; written_off_reason?: string; }': amount, employee_id, first_deduction_month, monthly_amount
  Overload 2 of 2, '(values: { amount: number; approved_by?: string; created_at?: string; disbursement_date?: string; employee_id: string; first_deduction_month: string; id?: string; is_written_off?: boolean; monthly_amount: number; ... 5 more ...; written_off_reason?: string; }[], options?: { ...; }): PostgrestFilterBuilder<...>', gave the following error.
    Argument of type 'Record<string, unknown>' is not assignable to parameter of type '{ amount: number; approved_by?: string; created_at?: string; disbursement_date?: string; employee_id: string; first_deduction_month: string; id?: string; is_written_off?: boolean; monthly_amount: number; ... 5 more ...; written_off_reason?: string; }[]'.
      Type 'Record<string, unknown>' is missing the following properties from type '{ amount: number; approved_by?: string; created_at?: string; disbursement_date?: string; employee_id: string; first_deduction_month: string; id?: string; is_written_off?: boolean; monthly_amount: number; ... 5 more ...; written_off_reason?: string; }[]': length, pop, push, concat, and 29 more.
services/advanceService.ts(60,15): error TS2769: No overload matches this call.
  Overload 1 of 2, '(values: { amount: number; approved_by?: string; created_at?: string; disbursement_date?: string; employee_id: string; first_deduction_month: string; id?: string; is_written_off?: boolean; monthly_amount: number; ... 5 more ...; written_off_reason?: string; }, options?: { ...; }): PostgrestFilterBuilder<...>', gave the following error.
    Argument of type 'unknown[]' is not assignable to parameter of type '{ amount: number; approved_by?: string; created_at?: string; disbursement_date?: string; employee_id: string; first_deduction_month: string; id?: string; is_written_off?: boolean; monthly_amount: number; ... 5 more ...; written_off_reason?: string; }'.
      Type 'unknown[]' is missing the following properties from type '{ amount: number; approved_by?: string; created_at?: string; disbursement_date?: string; employee_id: string; first_deduction_month: string; id?: string; is_written_off?: boolean; monthly_amount: number; ... 5 more ...; written_off_reason?: string; }': amount, employee_id, first_deduction_month, monthly_amount
  Overload 2 of 2, '(values: { amount: number; approved_by?: string; created_at?: string; disbursement_date?: string; employee_id: string; first_deduction_month: string; id?: string; is_written_off?: boolean; monthly_amount: number; ... 5 more ...; written_off_reason?: string; }[], options?: { ...; }): PostgrestFilterBuilder<...>', gave the following error.
    Argument of type 'unknown[]' is not assignable to parameter of type '{ amount: number; approved_by?: string; created_at?: string; disbursement_date?: string; employee_id: string; first_deduction_month: string; id?: string; is_written_off?: boolean; monthly_amount: number; ... 5 more ...; written_off_reason?: string; }[]'.
      Type '{}' is missing the following properties from type '{ amount: number; approved_by?: string; created_at?: string; disbursement_date?: string; employee_id: string; first_deduction_month: string; id?: string; is_written_off?: boolean; monthly_amount: number; ... 5 more ...; written_off_reason?: string; }': amount, employee_id, first_deduction_month, monthly_amount
services/advanceService.ts(129,74): error TS2769: No overload matches this call.
  Overload 1 of 2, '(values: { advance_id: string; amount: number; deducted_at?: string; id?: string; month_year: string; notes?: string; status?: "pending" | "deducted" | "deferred"; }, options?: { count?: "exact" | "planned" | "estimated"; }): PostgrestFilterBuilder<...>', gave the following error.
    Argument of type 'unknown[]' is not assignable to parameter of type '{ advance_id: string; amount: number; deducted_at?: string; id?: string; month_year: string; notes?: string; status?: "pending" | "deducted" | "deferred"; }'.
      Type 'unknown[]' is missing the following properties from type '{ advance_id: string; amount: number; deducted_at?: string; id?: string; month_year: string; notes?: string; status?: "pending" | "deducted" | "deferred"; }': advance_id, amount, month_year
  Overload 2 of 2, '(values: { advance_id: string; amount: number; deducted_at?: string; id?: string; month_year: string; notes?: string; status?: "pending" | "deducted" | "deferred"; }[], options?: { count?: "exact" | "planned" | "estimated"; defaultToNull?: boolean; }): PostgrestFilterBuilder<...>', gave the following error.
    Argument of type 'unknown[]' is not assignable to parameter of type '{ advance_id: string; amount: number; deducted_at?: string; id?: string; month_year: string; notes?: string; status?: "pending" | "deducted" | "deferred"; }[]'.
      Type '{}' is missing the following properties from type '{ advance_id: string; amount: number; deducted_at?: string; id?: string; month_year: string; notes?: string; status?: "pending" | "deducted" | "deferred"; }': advance_id, amount, month_year
services/alertsService.ts(55,21): error TS2769: No overload matches this call.
  Overload 1 of 2, '(relation: "platform_accounts" | "profiles" | "employees" | "advances" | "apps" | "salary_schemes" | "departments" | "positions" | "vehicles" | "account_assignments" | "advance_installments" | ... 22 more ... | "vehicle_mileage_daily"): PostgrestQueryBuilder<...>', gave the following error.
    Argument of type '"spare_parts"' is not assignable to parameter of type '"platform_accounts" | "profiles" | "employees" | "advances" | "apps" | "salary_schemes" | "departments" | "positions" | "vehicles" | "account_assignments" | "advance_installments" | ... 22 more ... | "vehicle_mileage_daily"'.
  Overload 2 of 2, '(relation: never): PostgrestQueryBuilder<{ PostgrestVersion: "14.1"; }, { Tables: { account_assignments: { Row: { account_id: string; created_at: string; created_by: string; employee_id: string; end_date: string; id: string; month_year: string; notes: string; start_date: string; }; Insert: { ...; }; Update: { ...; }; Relationships: [...]; }; ... 32 more ...; vehicles: { ...; }; }; Views: {}; Functions: { ...; }; Enums: { ...; }; CompositeTypes: {}; }, never, never, never>', gave the following error.
    Argument of type '"spare_parts"' is not assignable to parameter of type 'never'.
services/appService.test.ts(55,20): error TS2339: Property 'id' does not exist on type 'SelectQueryError<"column 'work_type' does not exist on 'apps'.">'.
services/appService.ts(39,7): error TS2698: Spread types may only be created from object types.
services/appService.ts(40,33): error TS2339: Property 'is_active' does not exist on type 'SelectQueryError<"column 'work_type' does not exist on 'apps'.">'.
services/appService.ts(79,7): error TS2589: Type instantiation is excessively deep and possibly infinite.
services/appService.ts(79,21): error TS2769: No overload matches this call.
  Overload 1 of 2, '(relation: "platform_accounts" | "profiles" | "employees" | "advances" | "apps" | "salary_schemes" | "departments" | "positions" | "vehicles" | "account_assignments" | "advance_installments" | ... 22 more ... | "vehicle_mileage_daily"): PostgrestQueryBuilder<...>', gave the following error.
    Argument of type '"pricing_rules"' is not assignable to parameter of type '"platform_accounts" | "profiles" | "employees" | "advances" | "apps" | "salary_schemes" | "departments" | "positions" | "vehicles" | "account_assignments" | "advance_installments" | ... 22 more ... | "vehicle_mileage_daily"'.
  Overload 2 of 2, '(relation: never): PostgrestQueryBuilder<{ PostgrestVersion: "14.1"; }, { Tables: { account_assignments: { Row: { account_id: string; created_at: string; created_by: string; employee_id: string; end_date: string; id: string; month_year: string; notes: string; start_date: string; }; Insert: { ...; }; Update: { ...; }; Relationships: [...]; }; ... 32 more ...; vehicles: { ...; }; }; Views: {}; Functions: { ...; }; Enums: { ...; }; CompositeTypes: {}; }, never, never, never>', gave the following error.
    Argument of type '"pricing_rules"' is not assignable to parameter of type 'never'.
services/appService.ts(80,21): error TS2769: No overload matches this call.
  Overload 1 of 2, '(relation: "platform_accounts" | "profiles" | "employees" | "advances" | "apps" | "salary_schemes" | "departments" | "positions" | "vehicles" | "account_assignments" | "advance_installments" | ... 22 more ... | "vehicle_mileage_daily"): PostgrestQueryBuilder<...>', gave the following error.
    Argument of type '"daily_shifts"' is not assignable to parameter of type '"platform_accounts" | "profiles" | "employees" | "advances" | "apps" | "salary_schemes" | "departments" | "positions" | "vehicles" | "account_assignments" | "advance_installments" | ... 22 more ... | "vehicle_mileage_daily"'.
  Overload 2 of 2, '(relation: never): PostgrestQueryBuilder<{ PostgrestVersion: "14.1"; }, { Tables: { account_assignments: { Row: { account_id: string; created_at: string; created_by: string; employee_id: string; end_date: string; id: string; month_year: string; notes: string; start_date: string; }; Insert: { ...; }; Update: { ...; }; Relationships: [...]; }; ... 32 more ...; vehicles: { ...; }; }; Views: {}; Functions: { ...; }; Enums: { ...; }; CompositeTypes: {}; }, never, never, never>', gave the following error.
    Argument of type '"daily_shifts"' is not assignable to parameter of type 'never'.
services/appService.ts(81,21): error TS2769: No overload matches this call.
  Overload 1 of 2, '(relation: "platform_accounts" | "profiles" | "employees" | "advances" | "apps" | "salary_schemes" | "departments" | "positions" | "vehicles" | "account_assignments" | "advance_installments" | ... 22 more ... | "vehicle_mileage_daily"): PostgrestQueryBuilder<...>', gave the following error.
    Argument of type '"app_hybrid_rules"' is not assignable to parameter of type '"platform_accounts" | "profiles" | "employees" | "advances" | "apps" | "salary_schemes" | "departments" | "positions" | "vehicles" | "account_assignments" | "advance_installments" | ... 22 more ... | "vehicle_mileage_daily"'.
  Overload 2 of 2, '(relation: never): PostgrestQueryBuilder<{ PostgrestVersion: "14.1"; }, { Tables: { account_assignments: { Row: { account_id: string; created_at: string; created_by: string; employee_id: string; end_date: string; id: string; month_year: string; notes: string; start_date: string; }; Insert: { ...; }; Update: { ...; }; Relationships: [...]; }; ... 32 more ...; vehicles: { ...; }; }; Views: {}; Functions: { ...; }; Enums: { ...; }; CompositeTypes: {}; }, never, never, never>', gave the following error.
    Argument of type '"app_hybrid_rules"' is not assignable to parameter of type 'never'.
services/appService.ts(95,21): error TS2769: No overload matches this call.
  Overload 1 of 2, '(relation: "platform_accounts" | "profiles" | "employees" | "advances" | "apps" | "salary_schemes" | "departments" | "positions" | "vehicles" | "account_assignments" | "advance_installments" | ... 22 more ... | "vehicle_mileage_daily"): PostgrestQueryBuilder<...>', gave the following error.
    Argument of type '"pricing_rules"' is not assignable to parameter of type '"platform_accounts" | "profiles" | "employees" | "advances" | "apps" | "salary_schemes" | "departments" | "positions" | "vehicles" | "account_assignments" | "advance_installments" | ... 22 more ... | "vehicle_mileage_daily"'.
  Overload 2 of 2, '(relation: never): PostgrestQueryBuilder<{ PostgrestVersion: "14.1"; }, { Tables: { account_assignments: { Row: { account_id: string; created_at: string; created_by: string; employee_id: string; end_date: string; id: string; month_year: string; notes: string; start_date: string; }; Insert: { ...; }; Update: { ...; }; Relationships: [...]; }; ... 32 more ...; vehicles: { ...; }; }; Views: {}; Functions: { ...; }; Enums: { ...; }; CompositeTypes: {}; }, never, never, never>', gave the following error.
    Argument of type '"pricing_rules"' is not assignable to parameter of type 'never'.
services/auditService.ts(16,43): error TS2769: No overload matches this call.
  Overload 1 of 2, '(relation: "platform_accounts" | "profiles" | "employees" | "advances" | "apps" | "salary_schemes" | "departments" | "positions" | "vehicles" | "account_assignments" | "advance_installments" | ... 22 more ... | "vehicle_mileage_daily"): PostgrestQueryBuilder<...>', gave the following error.
    Argument of type '"admin_action_log"' is not assignable to parameter of type '"platform_accounts" | "profiles" | "employees" | "advances" | "apps" | "salary_schemes" | "departments" | "positions" | "vehicles" | "account_assignments" | "advance_installments" | ... 22 more ... | "vehicle_mileage_daily"'.
  Overload 2 of 2, '(relation: never): PostgrestQueryBuilder<{ PostgrestVersion: "14.1"; }, { Tables: { account_assignments: { Row: { account_id: string; created_at: string; created_by: string; employee_id: string; end_date: string; id: string; month_year: string; notes: string; start_date: string; }; Insert: { ...; }; Update: { ...; }; Relationships: [...]; }; ... 32 more ...; vehicles: { ...; }; }; Views: {}; Functions: { ...; }; Enums: { ...; }; CompositeTypes: {}; }, never, never, never>', gave the following error.
    Argument of type '"admin_action_log"' is not assignable to parameter of type 'never'.
services/dashboardService.ts(61,52): error TS2345: Argument of type 'string' is not assignable to parameter of type '"get_my_role" | "has_role" | "is_active_user"'.
services/dashboardService.ts(361,7): error TS2589: Type instantiation is excessively deep and possibly infinite.
services/dashboardService.ts(361,21): error TS2769: No overload matches this call.
  Overload 1 of 2, '(relation: "platform_accounts" | "profiles" | "employees" | "advances" | "apps" | "salary_schemes" | "departments" | "positions" | "vehicles" | "account_assignments" | "advance_installments" | ... 22 more ... | "vehicle_mileage_daily"): PostgrestQueryBuilder<...>', gave the following error.
    Argument of type '"pricing_rules"' is not assignable to parameter of type '"platform_accounts" | "profiles" | "employees" | "advances" | "apps" | "salary_schemes" | "departments" | "positions" | "vehicles" | "account_assignments" | "advance_installments" | ... 22 more ... | "vehicle_mileage_daily"'.
  Overload 2 of 2, '(relation: never): PostgrestQueryBuilder<{ PostgrestVersion: "14.1"; }, { Tables: { account_assignments: { Row: { account_id: string; created_at: string; created_by: string; employee_id: string; end_date: string; id: string; month_year: string; notes: string; start_date: string; }; Insert: { ...; }; Update: { ...; }; Relationships: [...]; }; ... 32 more ...; vehicles: { ...; }; }; Views: {}; Functions: { ...; }; Enums: { ...; }; CompositeTypes: {}; }, never, never, never>', gave the following error.
    Argument of type '"pricing_rules"' is not assignable to parameter of type 'never'.
services/dashboardService.ts(441,21): error TS2769: No overload matches this call.
  Overload 1 of 2, '(relation: "platform_accounts" | "profiles" | "employees" | "advances" | "apps" | "salary_schemes" | "departments" | "positions" | "vehicles" | "account_assignments" | "advance_installments" | ... 22 more ... | "vehicle_mileage_daily"): PostgrestQueryBuilder<...>', gave the following error.
    Argument of type '"fuel_records"' is not assignable to parameter of type '"platform_accounts" | "profiles" | "employees" | "advances" | "apps" | "salary_schemes" | "departments" | "positions" | "vehicles" | "account_assignments" | "advance_installments" | ... 22 more ... | "vehicle_mileage_daily"'.
  Overload 2 of 2, '(relation: never): PostgrestQueryBuilder<{ PostgrestVersion: "14.1"; }, { Tables: { account_assignments: { Row: { account_id: string; created_at: string; created_by: string; employee_id: string; end_date: string; id: string; month_year: string; notes: string; start_date: string; }; Insert: { ...; }; Update: { ...; }; Relationships: [...]; }; ... 32 more ...; vehicles: { ...; }; }; Views: {}; Functions: { ...; }; Enums: { ...; }; CompositeTypes: {}; }, never, never, never>', gave the following error.
    Argument of type '"fuel_records"' is not assignable to parameter of type 'never'.
services/dashboardService.ts(443,21): error TS2769: No overload matches this call.
  Overload 1 of 2, '(relation: "platform_accounts" | "profiles" | "employees" | "advances" | "apps" | "salary_schemes" | "departments" | "positions" | "vehicles" | "account_assignments" | "advance_installments" | ... 22 more ... | "vehicle_mileage_daily"): PostgrestQueryBuilder<...>', gave the following error.
    Argument of type '"maintenance_records"' is not assignable to parameter of type '"platform_accounts" | "profiles" | "employees" | "advances" | "apps" | "salary_schemes" | "departments" | "positions" | "vehicles" | "account_assignments" | "advance_installments" | ... 22 more ... | "vehicle_mileage_daily"'.
  Overload 2 of 2, '(relation: never): PostgrestQueryBuilder<{ PostgrestVersion: "14.1"; }, { Tables: { account_assignments: { Row: { account_id: string; created_at: string; created_by: string; employee_id: string; end_date: string; id: string; month_year: string; notes: string; start_date: string; }; Insert: { ...; }; Update: { ...; }; Relationships: [...]; }; ... 32 more ...; vehicles: { ...; }; }; Views: {}; Functions: { ...; }; Enums: { ...; }; CompositeTypes: {}; }, never, never, never>', gave the following error.
    Argument of type '"maintenance_records"' is not assignable to parameter of type 'never'.
services/dashboardService.ts(459,59): error TS2345: Argument of type 'SelectQueryError<"column 'tier_id' does not exist on 'employees'.">[]' is not assignable to parameter of type 'readonly EmployeeLike[]'.
  Property 'id' is missing in type '{ error: true; } & String' but required in type 'EmployeeLike'.
services/dashboardService.ts(461,58): error TS2339: Property 'license_status' does not exist on type 'EmployeeLike'.
services/dashboardService.ts(462,61): error TS2339: Property 'license_status' does not exist on type 'EmployeeLike'.
services/dashboardService.ts(463,57): error TS2339: Property 'license_status' does not exist on type 'EmployeeLike'.
services/dashboardService.ts(463,77): error TS2339: Property 'license_status' does not exist on type 'EmployeeLike'.
services/dashboardService.ts(465,39): error TS2339: Property 'city' does not exist on type 'EmployeeLike'.
services/dashboardService.ts(465,62): error TS2339: Property 'city' does not exist on type 'EmployeeLike'.
services/dashboardService.ts(466,39): error TS2339: Property 'city' does not exist on type 'EmployeeLike'.
services/dashboardService.ts(466,62): error TS2339: Property 'city' does not exist on type 'EmployeeLike'.
services/dashboardService.ts(467,38): error TS2339: Property 'city' does not exist on type 'EmployeeLike'.
services/dashboardService.ts(467,48): error TS2339: Property 'city' does not exist on type 'EmployeeLike'.
services/dashboardService.ts(467,71): error TS2339: Property 'city' does not exist on type 'EmployeeLike'.
services/dashboardService.ts(467,91): error TS2339: Property 'city' does not exist on type 'EmployeeLike'.
services/dashboardService.ts(467,114): error TS2339: Property 'city' does not exist on type 'EmployeeLike'.
services/dashboardService.ts(487,62): error TS2339: Property 'cost' does not exist on type 'SelectQueryError<"column 'cost' does not exist on 'platform_accounts'."> | SelectQueryError<"column 'cost' does not exist on 'profiles'."> | ... 31 more ... | SelectQueryError<...>'.
  Property 'cost' does not exist on type 'SelectQueryError<"column 'cost' does not exist on 'platform_accounts'.">'.
services/dashboardService.ts(488,64): error TS2339: Property 'liters' does not exist on type 'SelectQueryError<"column 'cost' does not exist on 'platform_accounts'."> | SelectQueryError<"column 'cost' does not exist on 'profiles'."> | ... 31 more ... | SelectQueryError<...>'.
  Property 'liters' does not exist on type 'SelectQueryError<"column 'cost' does not exist on 'platform_accounts'.">'.
services/dashboardService.ts(489,60): error TS2339: Property 'vehicle_id' does not exist on type 'SelectQueryError<"column 'cost' does not exist on 'platform_accounts'."> | SelectQueryError<"column 'cost' does not exist on 'profiles'."> | ... 31 more ... | SelectQueryError<...>'.
  Property 'vehicle_id' does not exist on type 'SelectQueryError<"column 'cost' does not exist on 'platform_accounts'.">'.
services/dashboardService.ts(494,76): error TS2339: Property 'cost' does not exist on type 'SelectQueryError<"column 'cost' does not exist on 'platform_accounts'."> | SelectQueryError<"column 'cost' does not exist on 'profiles'."> | ... 31 more ... | SelectQueryError<...>'.
  Property 'cost' does not exist on type 'SelectQueryError<"column 'cost' does not exist on 'platform_accounts'.">'.
services/dashboardService.ts(495,60): error TS2339: Property 'status' does not exist on type 'SelectQueryError<"column 'cost' does not exist on 'platform_accounts'."> | SelectQueryError<"column 'cost' does not exist on 'profiles'."> | ... 31 more ... | SelectQueryError<...>'.
  Property 'status' does not exist on type 'SelectQueryError<"column 'cost' does not exist on 'platform_accounts'.">'.
services/dashboardService.ts(496,58): error TS2339: Property 'status' does not exist on type 'SelectQueryError<"column 'cost' does not exist on 'platform_accounts'."> | SelectQueryError<"column 'cost' does not exist on 'profiles'."> | ... 31 more ... | SelectQueryError<...>'.
  Property 'status' does not exist on type 'SelectQueryError<"column 'cost' does not exist on 'platform_accounts'.">'.
services/dashboardService.ts(496,84): error TS2339: Property 'status' does not exist on type 'SelectQueryError<"column 'cost' does not exist on 'platform_accounts'."> | SelectQueryError<"column 'cost' does not exist on 'profiles'."> | ... 31 more ... | SelectQueryError<...>'.
  Property 'status' does not exist on type 'SelectQueryError<"column 'cost' does not exist on 'platform_accounts'.">'.
services/dashboardService.ts(497,69): error TS2339: Property 'vehicle_id' does not exist on type 'SelectQueryError<"column 'cost' does not exist on 'platform_accounts'."> | SelectQueryError<"column 'cost' does not exist on 'profiles'."> | ... 31 more ... | SelectQueryError<...>'.
  Property 'vehicle_id' does not exist on type 'SelectQueryError<"column 'cost' does not exist on 'platform_accounts'.">'.
services/dashboardService.ts(508,52): error TS2339: Property 'is_resolved' does not exist on type 'SelectQueryError<"column 'severity' does not exist on 'alerts'.">'.
services/dashboardService.ts(509,49): error TS2339: Property 'is_resolved' does not exist on type 'SelectQueryError<"column 'severity' does not exist on 'alerts'.">'.
services/dashboardService.ts(510,50): error TS2339: Property 'is_resolved' does not exist on type 'SelectQueryError<"column 'severity' does not exist on 'alerts'.">'.
services/dashboardService.ts(510,67): error TS2339: Property 'severity' does not exist on type 'SelectQueryError<"column 'severity' does not exist on 'alerts'.">'.
services/dashboardService.ts(511,46): error TS2339: Property 'is_resolved' does not exist on type 'SelectQueryError<"column 'severity' does not exist on 'alerts'.">'.
services/dashboardService.ts(511,63): error TS2339: Property 'severity' does not exist on type 'SelectQueryError<"column 'severity' does not exist on 'alerts'.">'.
services/dashboardService.ts(512,48): error TS2339: Property 'is_resolved' does not exist on type 'SelectQueryError<"column 'severity' does not exist on 'alerts'.">'.
services/dashboardService.ts(512,65): error TS2339: Property 'severity' does not exist on type 'SelectQueryError<"column 'severity' does not exist on 'alerts'.">'.
services/dashboardService.ts(601,21): error TS2769: No overload matches this call.
  Overload 1 of 2, '(relation: "platform_accounts" | "profiles" | "employees" | "advances" | "apps" | "salary_schemes" | "departments" | "positions" | "vehicles" | "account_assignments" | "advance_installments" | ... 22 more ... | "vehicle_mileage_daily"): PostgrestQueryBuilder<...>', gave the following error.
    Argument of type '"fuel_records"' is not assignable to parameter of type '"platform_accounts" | "profiles" | "employees" | "advances" | "apps" | "salary_schemes" | "departments" | "positions" | "vehicles" | "account_assignments" | "advance_installments" | ... 22 more ... | "vehicle_mileage_daily"'.
  Overload 2 of 2, '(relation: never): PostgrestQueryBuilder<{ PostgrestVersion: "14.1"; }, { Tables: { account_assignments: { Row: { account_id: string; created_at: string; created_by: string; employee_id: string; end_date: string; id: string; month_year: string; notes: string; start_date: string; }; Insert: { ...; }; Update: { ...; }; Relationships: [...]; }; ... 32 more ...; vehicles: { ...; }; }; Views: {}; Functions: { ...; }; Enums: { ...; }; CompositeTypes: {}; }, never, never, never>', gave the following error.
    Argument of type '"fuel_records"' is not assignable to parameter of type 'never'.
services/dashboardService.ts(603,21): error TS2769: No overload matches this call.
  Overload 1 of 2, '(relation: "platform_accounts" | "profiles" | "employees" | "advances" | "apps" | "salary_schemes" | "departments" | "positions" | "vehicles" | "account_assignments" | "advance_installments" | ... 22 more ... | "vehicle_mileage_daily"): PostgrestQueryBuilder<...>', gave the following error.
    Argument of type '"maintenance_records"' is not assignable to parameter of type '"platform_accounts" | "profiles" | "employees" | "advances" | "apps" | "salary_schemes" | "departments" | "positions" | "vehicles" | "account_assignments" | "advance_installments" | ... 22 more ... | "vehicle_mileage_daily"'.
  Overload 2 of 2, '(relation: never): PostgrestQueryBuilder<{ PostgrestVersion: "14.1"; }, { Tables: { account_assignments: { Row: { account_id: string; created_at: string; created_by: string; employee_id: string; end_date: string; id: string; month_year: string; notes: string; start_date: string; }; Insert: { ...; }; Update: { ...; }; Relationships: [...]; }; ... 32 more ...; vehicles: { ...; }; }; Views: {}; Functions: { ...; }; Enums: { ...; }; CompositeTypes: {}; }, never, never, never>', gave the following error.
    Argument of type '"maintenance_records"' is not assignable to parameter of type 'never'.
services/dashboardService.ts(605,7): error TS2589: Type instantiation is excessively deep and possibly infinite.
services/dashboardService.ts(605,21): error TS2769: No overload matches this call.
  Overload 1 of 2, '(relation: "platform_accounts" | "profiles" | "employees" | "advances" | "apps" | "salary_schemes" | "departments" | "positions" | "vehicles" | "account_assignments" | "advance_installments" | ... 22 more ... | "vehicle_mileage_daily"): PostgrestQueryBuilder<...>', gave the following error.
    Argument of type '"violations"' is not assignable to parameter of type '"platform_accounts" | "profiles" | "employees" | "advances" | "apps" | "salary_schemes" | "departments" | "positions" | "vehicles" | "account_assignments" | "advance_installments" | ... 22 more ... | "vehicle_mileage_daily"'.
  Overload 2 of 2, '(relation: never): PostgrestQueryBuilder<{ PostgrestVersion: "14.1"; }, { Tables: { account_assignments: { Row: { account_id: string; created_at: string; created_by: string; employee_id: string; end_date: string; id: string; month_year: string; notes: string; start_date: string; }; Insert: { ...; }; Update: { ...; }; Relationships: [...]; }; ... 32 more ...; vehicles: { ...; }; }; Views: {}; Functions: { ...; }; Enums: { ...; }; CompositeTypes: {}; }, never, never, never>', gave the following error.
    Argument of type '"violations"' is not assignable to parameter of type 'never'.
services/dashboardService.ts(617,21): error TS2769: No overload matches this call.
  Overload 1 of 2, '(relation: "platform_accounts" | "profiles" | "employees" | "advances" | "apps" | "salary_schemes" | "departments" | "positions" | "vehicles" | "account_assignments" | "advance_installments" | ... 22 more ... | "vehicle_mileage_daily"): PostgrestQueryBuilder<...>', gave the following error.
    Argument of type '"tiers"' is not assignable to parameter of type '"platform_accounts" | "profiles" | "employees" | "advances" | "apps" | "salary_schemes" | "departments" | "positions" | "vehicles" | "account_assignments" | "advance_installments" | ... 22 more ... | "vehicle_mileage_daily"'.
  Overload 2 of 2, '(relation: never): PostgrestQueryBuilder<{ PostgrestVersion: "14.1"; }, { Tables: { account_assignments: { Row: { account_id: string; created_at: string; created_by: string; employee_id: string; end_date: string; id: string; month_year: string; notes: string; start_date: string; }; Insert: { ...; }; Update: { ...; }; Relationships: [...]; }; ... 32 more ...; vehicles: { ...; }; }; Views: {}; Functions: { ...; }; Enums: { ...; }; CompositeTypes: {}; }, never, never, never>', gave the following error.
    Argument of type '"tiers"' is not assignable to parameter of type 'never'.
services/dashboardService.ts(621,21): error TS2769: No overload matches this call.
  Overload 1 of 2, '(relation: "platform_accounts" | "profiles" | "employees" | "advances" | "apps" | "salary_schemes" | "departments" | "positions" | "vehicles" | "account_assignments" | "advance_installments" | ... 22 more ... | "vehicle_mileage_daily"): PostgrestQueryBuilder<...>', gave the following error.
    Argument of type '"spare_parts_inventory"' is not assignable to parameter of type '"platform_accounts" | "profiles" | "employees" | "advances" | "apps" | "salary_schemes" | "departments" | "positions" | "vehicles" | "account_assignments" | "advance_installments" | ... 22 more ... | "vehicle_mileage_daily"'.
  Overload 2 of 2, '(relation: never): PostgrestQueryBuilder<{ PostgrestVersion: "14.1"; }, { Tables: { account_assignments: { Row: { account_id: string; created_at: string; created_by: string; employee_id: string; end_date: string; id: string; month_year: string; notes: string; start_date: string; }; Insert: { ...; }; Update: { ...; }; Relationships: [...]; }; ... 32 more ...; vehicles: { ...; }; }; Views: {}; Functions: { ...; }; Enums: { ...; }; CompositeTypes: {}; }, never, never, never>', gave the following error.
    Argument of type '"spare_parts_inventory"' is not assignable to parameter of type 'never'.
services/dashboardService.ts(627,58): error TS2339: Property 'license_status' does not exist on type 'SelectQueryError<"column 'tier_id' does not exist on 'employees'.">'.
services/dashboardService.ts(628,61): error TS2339: Property 'license_status' does not exist on type 'SelectQueryError<"column 'tier_id' does not exist on 'employees'.">'.
services/dashboardService.ts(629,57): error TS2339: Property 'license_status' does not exist on type 'SelectQueryError<"column 'tier_id' does not exist on 'employees'.">'.
services/dashboardService.ts(629,77): error TS2339: Property 'license_status' does not exist on type 'SelectQueryError<"column 'tier_id' does not exist on 'employees'.">'.
services/dashboardService.ts(631,39): error TS2339: Property 'city' does not exist on type 'SelectQueryError<"column 'tier_id' does not exist on 'employees'.">'.
services/dashboardService.ts(631,62): error TS2339: Property 'city' does not exist on type 'SelectQueryError<"column 'tier_id' does not exist on 'employees'.">'.
services/dashboardService.ts(632,39): error TS2339: Property 'city' does not exist on type 'SelectQueryError<"column 'tier_id' does not exist on 'employees'.">'.
services/dashboardService.ts(632,62): error TS2339: Property 'city' does not exist on type 'SelectQueryError<"column 'tier_id' does not exist on 'employees'.">'.
services/dashboardService.ts(633,38): error TS2339: Property 'city' does not exist on type 'SelectQueryError<"column 'tier_id' does not exist on 'employees'.">'.
services/dashboardService.ts(633,48): error TS2339: Property 'city' does not exist on type 'SelectQueryError<"column 'tier_id' does not exist on 'employees'.">'.
services/dashboardService.ts(633,71): error TS2339: Property 'city' does not exist on type 'SelectQueryError<"column 'tier_id' does not exist on 'employees'.">'.
services/dashboardService.ts(633,91): error TS2339: Property 'city' does not exist on type 'SelectQueryError<"column 'tier_id' does not exist on 'employees'.">'.
services/dashboardService.ts(633,114): error TS2339: Property 'city' does not exist on type 'SelectQueryError<"column 'tier_id' does not exist on 'employees'.">'.
services/dashboardService.ts(657,62): error TS2339: Property 'cost' does not exist on type 'SelectQueryError<"column 'cost' does not exist on 'platform_accounts'."> | SelectQueryError<"column 'cost' does not exist on 'profiles'."> | ... 31 more ... | SelectQueryError<...>'.
  Property 'cost' does not exist on type 'SelectQueryError<"column 'cost' does not exist on 'platform_accounts'.">'.
services/dashboardService.ts(658,64): error TS2339: Property 'liters' does not exist on type 'SelectQueryError<"column 'cost' does not exist on 'platform_accounts'."> | SelectQueryError<"column 'cost' does not exist on 'profiles'."> | ... 31 more ... | SelectQueryError<...>'.
  Property 'liters' does not exist on type 'SelectQueryError<"column 'cost' does not exist on 'platform_accounts'.">'.
services/dashboardService.ts(659,60): error TS2339: Property 'vehicle_id' does not exist on type 'SelectQueryError<"column 'cost' does not exist on 'platform_accounts'."> | SelectQueryError<"column 'cost' does not exist on 'profiles'."> | ... 31 more ... | SelectQueryError<...>'.
  Property 'vehicle_id' does not exist on type 'SelectQueryError<"column 'cost' does not exist on 'platform_accounts'.">'.
services/dashboardService.ts(664,76): error TS2339: Property 'cost' does not exist on type 'SelectQueryError<"column 'cost' does not exist on 'platform_accounts'."> | SelectQueryError<"column 'cost' does not exist on 'profiles'."> | ... 31 more ... | SelectQueryError<...>'.
  Property 'cost' does not exist on type 'SelectQueryError<"column 'cost' does not exist on 'platform_accounts'.">'.
services/dashboardService.ts(665,60): error TS2339: Property 'status' does not exist on type 'SelectQueryError<"column 'cost' does not exist on 'platform_accounts'."> | SelectQueryError<"column 'cost' does not exist on 'profiles'."> | ... 31 more ... | SelectQueryError<...>'.
  Property 'status' does not exist on type 'SelectQueryError<"column 'cost' does not exist on 'platform_accounts'.">'.
services/dashboardService.ts(666,58): error TS2339: Property 'status' does not exist on type 'SelectQueryError<"column 'cost' does not exist on 'platform_accounts'."> | SelectQueryError<"column 'cost' does not exist on 'profiles'."> | ... 31 more ... | SelectQueryError<...>'.
  Property 'status' does not exist on type 'SelectQueryError<"column 'cost' does not exist on 'platform_accounts'.">'.
services/dashboardService.ts(666,84): error TS2339: Property 'status' does not exist on type 'SelectQueryError<"column 'cost' does not exist on 'platform_accounts'."> | SelectQueryError<"column 'cost' does not exist on 'profiles'."> | ... 31 more ... | SelectQueryError<...>'.
  Property 'status' does not exist on type 'SelectQueryError<"column 'cost' does not exist on 'platform_accounts'.">'.
services/dashboardService.ts(667,69): error TS2339: Property 'vehicle_id' does not exist on type 'SelectQueryError<"column 'cost' does not exist on 'platform_accounts'."> | SelectQueryError<"column 'cost' does not exist on 'profiles'."> | ... 31 more ... | SelectQueryError<...>'.
  Property 'vehicle_id' does not exist on type 'SelectQueryError<"column 'cost' does not exist on 'platform_accounts'.">'.
services/dashboardService.ts(672,74): error TS2339: Property 'amount' does not exist on type 'SelectQueryError<"column 'amount' does not exist on 'platform_accounts'."> | SelectQueryError<"column 'amount' does not exist on 'profiles'."> | ... 31 more ... | SelectQueryError<...>'.
  Property 'amount' does not exist on type 'SelectQueryError<"column 'amount' does not exist on 'platform_accounts'.">'.
services/dashboardService.ts(673,73): error TS2339: Property 'employee_id' does not exist on type 'SelectQueryError<"column 'amount' does not exist on 'platform_accounts'."> | SelectQueryError<"column 'amount' does not exist on 'profiles'."> | ... 31 more ... | SelectQueryError<...>'.
  Property 'employee_id' does not exist on type 'SelectQueryError<"column 'amount' does not exist on 'platform_accounts'.">'.
services/dashboardService.ts(678,77): error TS2339: Property 'amount' does not exist on type 'SelectQueryError<"column 'remaining_amount' does not exist on 'advances'.">'.
services/dashboardService.ts(679,81): error TS2339: Property 'remaining_amount' does not exist on type 'SelectQueryError<"column 'remaining_amount' does not exist on 'advances'.">'.
services/dashboardService.ts(680,69): error TS2339: Property 'employee_id' does not exist on type 'SelectQueryError<"column 'remaining_amount' does not exist on 'advances'.">'.
services/dashboardService.ts(699,52): error TS2339: Property 'is_resolved' does not exist on type 'SelectQueryError<"column 'severity' does not exist on 'alerts'.">'.
services/dashboardService.ts(700,49): error TS2339: Property 'is_resolved' does not exist on type 'SelectQueryError<"column 'severity' does not exist on 'alerts'.">'.
services/dashboardService.ts(701,50): error TS2339: Property 'is_resolved' does not exist on type 'SelectQueryError<"column 'severity' does not exist on 'alerts'.">'.
services/dashboardService.ts(701,67): error TS2339: Property 'severity' does not exist on type 'SelectQueryError<"column 'severity' does not exist on 'alerts'.">'.
services/dashboardService.ts(702,46): error TS2339: Property 'is_resolved' does not exist on type 'SelectQueryError<"column 'severity' does not exist on 'alerts'.">'.
services/dashboardService.ts(702,63): error TS2339: Property 'severity' does not exist on type 'SelectQueryError<"column 'severity' does not exist on 'alerts'.">'.
services/dashboardService.ts(703,48): error TS2339: Property 'is_resolved' does not exist on type 'SelectQueryError<"column 'severity' does not exist on 'alerts'.">'.
services/dashboardService.ts(703,65): error TS2339: Property 'severity' does not exist on type 'SelectQueryError<"column 'severity' does not exist on 'alerts'.">'.
services/dashboardService.ts(722,59): error TS2339: Property 'quantity' does not exist on type 'SelectQueryError<"column 'quantity' does not exist on 'platform_accounts'."> | SelectQueryError<"column 'quantity' does not exist on 'profiles'."> | ... 31 more ... | SelectQueryError<...>'.
  Property 'quantity' does not exist on type 'SelectQueryError<"column 'quantity' does not exist on 'platform_accounts'.">'.
services/dashboardService.ts(722,75): error TS2339: Property 'min_quantity' does not exist on type 'SelectQueryError<"column 'quantity' does not exist on 'platform_accounts'."> | SelectQueryError<"column 'quantity' does not exist on 'profiles'."> | ... 31 more ... | SelectQueryError<...>'.
  Property 'min_quantity' does not exist on type 'SelectQueryError<"column 'quantity' does not exist on 'platform_accounts'.">'.
services/dashboardService.ts(832,21): error TS2769: No overload matches this call.
  Overload 1 of 2, '(relation: "platform_accounts" | "profiles" | "employees" | "advances" | "apps" | "salary_schemes" | "departments" | "positions" | "vehicles" | "account_assignments" | "advance_installments" | ... 22 more ... | "vehicle_mileage_daily"): PostgrestQueryBuilder<...>', gave the following error.
    Argument of type '"fuel_records"' is not assignable to parameter of type '"platform_accounts" | "profiles" | "employees" | "advances" | "apps" | "salary_schemes" | "departments" | "positions" | "vehicles" | "account_assignments" | "advance_installments" | ... 22 more ... | "vehicle_mileage_daily"'.
  Overload 2 of 2, '(relation: never): PostgrestQueryBuilder<{ PostgrestVersion: "14.1"; }, { Tables: { account_assignments: { Row: { account_id: string; created_at: string; created_by: string; employee_id: string; end_date: string; id: string; month_year: string; notes: string; start_date: string; }; Insert: { ...; }; Update: { ...; }; Relationships: [...]; }; ... 32 more ...; vehicles: { ...; }; }; Views: {}; Functions: { ...; }; Enums: { ...; }; CompositeTypes: {}; }, never, never, never>', gave the following error.
    Argument of type '"fuel_records"' is not assignable to parameter of type 'never'.
services/dashboardService.ts(833,21): error TS2769: No overload matches this call.
  Overload 1 of 2, '(relation: "platform_accounts" | "profiles" | "employees" | "advances" | "apps" | "salary_schemes" | "departments" | "positions" | "vehicles" | "account_assignments" | "advance_installments" | ... 22 more ... | "vehicle_mileage_daily"): PostgrestQueryBuilder<...>', gave the following error.
    Argument of type '"maintenance_records"' is not assignable to parameter of type '"platform_accounts" | "profiles" | "employees" | "advances" | "apps" | "salary_schemes" | "departments" | "positions" | "vehicles" | "account_assignments" | "advance_installments" | ... 22 more ... | "vehicle_mileage_daily"'.
  Overload 2 of 2, '(relation: never): PostgrestQueryBuilder<{ PostgrestVersion: "14.1"; }, { Tables: { account_assignments: { Row: { account_id: string; created_at: string; created_by: string; employee_id: string; end_date: string; id: string; month_year: string; notes: string; start_date: string; }; Insert: { ...; }; Update: { ...; }; Relationships: [...]; }; ... 32 more ...; vehicles: { ...; }; }; Views: {}; Functions: { ...; }; Enums: { ...; }; CompositeTypes: {}; }, never, never, never>', gave the following error.
    Argument of type '"maintenance_records"' is not assignable to parameter of type 'never'.
services/dashboardService.ts(834,21): error TS2769: No overload matches this call.
  Overload 1 of 2, '(relation: "platform_accounts" | "profiles" | "employees" | "advances" | "apps" | "salary_schemes" | "departments" | "positions" | "vehicles" | "account_assignments" | "advance_installments" | ... 22 more ... | "vehicle_mileage_daily"): PostgrestQueryBuilder<...>', gave the following error.
    Argument of type '"violations"' is not assignable to parameter of type '"platform_accounts" | "profiles" | "employees" | "advances" | "apps" | "salary_schemes" | "departments" | "positions" | "vehicles" | "account_assignments" | "advance_installments" | ... 22 more ... | "vehicle_mileage_daily"'.
  Overload 2 of 2, '(relation: never): PostgrestQueryBuilder<{ PostgrestVersion: "14.1"; }, { Tables: { account_assignments: { Row: { account_id: string; created_at: string; created_by: string; employee_id: string; end_date: string; id: string; month_year: string; notes: string; start_date: string; }; Insert: { ...; }; Update: { ...; }; Relationships: [...]; }; ... 32 more ...; vehicles: { ...; }; }; Views: {}; Functions: { ...; }; Enums: { ...; }; CompositeTypes: {}; }, never, never, never>', gave the following error.
    Argument of type '"violations"' is not assignable to parameter of type 'never'.
services/dashboardService.ts(845,67): error TS2339: Property 'cost' does not exist on type 'SelectQueryError<"column 'cost' does not exist on 'platform_accounts'."> | SelectQueryError<"column 'cost' does not exist on 'profiles'."> | ... 31 more ... | SelectQueryError<...>'.
  Property 'cost' does not exist on type 'SelectQueryError<"column 'cost' does not exist on 'platform_accounts'.">'.
services/dashboardService.ts(846,69): error TS2339: Property 'liters' does not exist on type 'SelectQueryError<"column 'cost' does not exist on 'platform_accounts'."> | SelectQueryError<"column 'cost' does not exist on 'profiles'."> | ... 31 more ... | SelectQueryError<...>'.
  Property 'liters' does not exist on type 'SelectQueryError<"column 'cost' does not exist on 'platform_accounts'.">'.
services/dashboardService.ts(847,81): error TS2339: Property 'cost' does not exist on type 'SelectQueryError<"column 'cost' does not exist on 'platform_accounts'."> | SelectQueryError<"column 'cost' does not exist on 'profiles'."> | ... 31 more ... | SelectQueryError<...>'.
  Property 'cost' does not exist on type 'SelectQueryError<"column 'cost' does not exist on 'platform_accounts'.">'.
services/dashboardService.ts(849,79): error TS2339: Property 'amount' does not exist on type 'SelectQueryError<"column 'amount' does not exist on 'platform_accounts'."> | SelectQueryError<"column 'amount' does not exist on 'profiles'."> | ... 31 more ... | SelectQueryError<...>'.
  Property 'amount' does not exist on type 'SelectQueryError<"column 'amount' does not exist on 'platform_accounts'.">'.
services/employeeActivityService.ts(35,15): error TS2769: No overload matches this call.
  Overload 1 of 2, '(relation: "platform_accounts" | "profiles" | "employees" | "advances" | "apps" | "salary_schemes" | "departments" | "positions" | "vehicles" | "account_assignments" | "advance_installments" | ... 22 more ... | "vehicle_mileage_daily"): PostgrestQueryBuilder<...>', gave the following error.
    Argument of type '"daily_shifts"' is not assignable to parameter of type '"platform_accounts" | "profiles" | "employees" | "advances" | "apps" | "salary_schemes" | "departments" | "positions" | "vehicles" | "account_assignments" | "advance_installments" | ... 22 more ... | "vehicle_mileage_daily"'.
  Overload 2 of 2, '(relation: never): PostgrestQueryBuilder<{ PostgrestVersion: "14.1"; }, { Tables: { account_assignments: { Row: { account_id: string; created_at: string; created_by: string; employee_id: string; end_date: string; id: string; month_year: string; notes: string; start_date: string; }; Insert: { ...; }; Update: { ...; }; Relationships: [...]; }; ... 32 more ...; vehicles: { ...; }; }; Views: {}; Functions: { ...; }; Enums: { ...; }; CompositeTypes: {}; }, never, never, never>', gave the following error.
    Argument of type '"daily_shifts"' is not assignable to parameter of type 'never'.
services/employeeActivityService.ts(65,15): error TS2339: Property 'employee_id' does not exist on type 'SelectQueryError<"column 'employee_id' does not exist on 'platform_accounts'."> | SelectQueryError<"column 'employee_id' does not exist on 'profiles'."> | ... 31 more ... | SelectQueryError<...>'.
  Property 'employee_id' does not exist on type 'SelectQueryError<"column 'employee_id' does not exist on 'platform_accounts'.">'.
services/employeeActivityService.ts(65,48): error TS2339: Property 'employee_id' does not exist on type 'SelectQueryError<"column 'employee_id' does not exist on 'platform_accounts'."> | SelectQueryError<"column 'employee_id' does not exist on 'profiles'."> | ... 31 more ... | SelectQueryError<...>'.
  Property 'employee_id' does not exist on type 'SelectQueryError<"column 'employee_id' does not exist on 'platform_accounts'.">'.
services/employeeService.ts(223,15): error TS2769: No overload matches this call.
  Overload 1 of 2, '(values: { allowances?: Json; bank_account_number?: string; base_salary?: number; birth_date?: string; cities?: string[]; city?: string; commercial_record?: string; created_at?: string; department_id?: string; ... 27 more ...; updated_at?: string; }, options?: { ...; }): PostgrestFilterBuilder<...>', gave the following error.
    Argument of type 'Record<string, unknown>' is not assignable to parameter of type '{ allowances?: Json; bank_account_number?: string; base_salary?: number; birth_date?: string; cities?: string[]; city?: string; commercial_record?: string; created_at?: string; department_id?: string; ... 27 more ...; updated_at?: string; }'.
      Property 'name' is missing in type 'Record<string, unknown>' but required in type '{ allowances?: Json; bank_account_number?: string; base_salary?: number; birth_date?: string; cities?: string[]; city?: string; commercial_record?: string; created_at?: string; department_id?: string; ... 27 more ...; updated_at?: string; }'.
  Overload 2 of 2, '(values: { allowances?: Json; bank_account_number?: string; base_salary?: number; birth_date?: string; cities?: string[]; city?: string; commercial_record?: string; created_at?: string; department_id?: string; ... 27 more ...; updated_at?: string; }[], options?: { ...; }): PostgrestFilterBuilder<...>', gave the following error.
    Argument of type 'Record<string, unknown>' is not assignable to parameter of type '{ allowances?: Json; bank_account_number?: string; base_salary?: number; birth_date?: string; cities?: string[]; city?: string; commercial_record?: string; created_at?: string; department_id?: string; ... 27 more ...; updated_at?: string; }[]'.
      Type 'Record<string, unknown>' is missing the following properties from type '{ allowances?: Json; bank_account_number?: string; base_salary?: number; birth_date?: string; cities?: string[]; city?: string; commercial_record?: string; created_at?: string; department_id?: string; ... 27 more ...; updated_at?: string; }[]': length, pop, push, concat, and 29 more.
services/employeeTierService.ts(26,74): error TS2769: No overload matches this call.
  Overload 1 of 2, '(values: { app_ids?: Json; created_at?: string; delivery_status?: string; employee_id: string; id?: string; notes?: string; package_type?: string; renewal_date: string; sim_number?: string; start_date?: string; updated_at?: string; }, options?: { ...; }): PostgrestFilterBuilder<...>', gave the following error.
    Argument of type 'Record<string, unknown>' is not assignable to parameter of type '{ app_ids?: Json; created_at?: string; delivery_status?: string; employee_id: string; id?: string; notes?: string; package_type?: string; renewal_date: string; sim_number?: string; start_date?: string; updated_at?: string; }'.
      Type 'Record<string, unknown>' is missing the following properties from type '{ app_ids?: Json; created_at?: string; delivery_status?: string; employee_id: string; id?: string; notes?: string; package_type?: string; renewal_date: string; sim_number?: string; start_date?: string; updated_at?: string; }': employee_id, renewal_date
  Overload 2 of 2, '(values: { app_ids?: Json; created_at?: string; delivery_status?: string; employee_id: string; id?: string; notes?: string; package_type?: string; renewal_date: string; sim_number?: string; start_date?: string; updated_at?: string; }[], options?: { ...; }): PostgrestFilterBuilder<...>', gave the following error.
    Argument of type 'Record<string, unknown>' is not assignable to parameter of type '{ app_ids?: Json; created_at?: string; delivery_status?: string; employee_id: string; id?: string; notes?: string; package_type?: string; renewal_date: string; sim_number?: string; start_date?: string; updated_at?: string; }[]'.
      Type 'Record<string, unknown>' is missing the following properties from type '{ app_ids?: Json; created_at?: string; delivery_status?: string; employee_id: string; id?: string; notes?: string; package_type?: string; renewal_date: string; sim_number?: string; start_date?: string; updated_at?: string; }[]': length, pop, push, concat, and 29 more.
services/fuelService.ts(233,15): error TS2352: Conversion of type 'MileageMonthlyPayload[]' to type 'Record<string, unknown>[]' may be a mistake because neither type sufficiently overlaps with the other. If this was intentional, convert the expression to 'unknown' first.
  Type 'MileageMonthlyPayload' is not comparable to type 'Record<string, unknown>'.
    Index signature for type 'string' is missing in type 'MileageMonthlyPayload'.
services/fuelService.ts(233,15): error TS2769: No overload matches this call.
  Overload 1 of 2, '(values: { cost_per_km?: number; created_at?: string; employee_id: string; fuel_cost?: number; id?: string; km_total?: number; month_year: string; notes?: string; }, options?: { count?: "exact" | "planned" | "estimated"; }): PostgrestFilterBuilder<...>', gave the following error.
    Argument of type 'Record<string, unknown>[]' is not assignable to parameter of type '{ cost_per_km?: number; created_at?: string; employee_id: string; fuel_cost?: number; id?: string; km_total?: number; month_year: string; notes?: string; }'.
      Type 'Record<string, unknown>[]' is missing the following properties from type '{ cost_per_km?: number; created_at?: string; employee_id: string; fuel_cost?: number; id?: string; km_total?: number; month_year: string; notes?: string; }': employee_id, month_year
  Overload 2 of 2, '(values: { cost_per_km?: number; created_at?: string; employee_id: string; fuel_cost?: number; id?: string; km_total?: number; month_year: string; notes?: string; }[], options?: { count?: "exact" | "planned" | "estimated"; defaultToNull?: boolean; }): PostgrestFilterBuilder<...>', gave the following error.
    Argument of type 'Record<string, unknown>[]' is not assignable to parameter of type '{ cost_per_km?: number; created_at?: string; employee_id: string; fuel_cost?: number; id?: string; km_total?: number; month_year: string; notes?: string; }[]'.
      Type 'Record<string, unknown>' is missing the following properties from type '{ cost_per_km?: number; created_at?: string; employee_id: string; fuel_cost?: number; id?: string; km_total?: number; month_year: string; notes?: string; }': employee_id, month_year
services/hybridRuleService.ts(7,35): error TS2589: Type instantiation is excessively deep and possibly infinite.
services/hybridRuleService.ts(8,13): error TS2769: No overload matches this call.
  Overload 1 of 2, '(relation: "platform_accounts" | "profiles" | "employees" | "advances" | "apps" | "salary_schemes" | "departments" | "positions" | "vehicles" | "account_assignments" | "advance_installments" | ... 22 more ... | "vehicle_mileage_daily"): PostgrestQueryBuilder<...>', gave the following error.
    Argument of type '"app_hybrid_rules"' is not assignable to parameter of type '"platform_accounts" | "profiles" | "employees" | "advances" | "apps" | "salary_schemes" | "departments" | "positions" | "vehicles" | "account_assignments" | "advance_installments" | ... 22 more ... | "vehicle_mileage_daily"'.
  Overload 2 of 2, '(relation: never): PostgrestQueryBuilder<{ PostgrestVersion: "14.1"; }, { Tables: { account_assignments: { Row: { account_id: string; created_at: string; created_by: string; employee_id: string; end_date: string; id: string; month_year: string; notes: string; start_date: string; }; Insert: { ...; }; Update: { ...; }; Relationships: [...]; }; ... 32 more ...; vehicles: { ...; }; }; Views: {}; Functions: { ...; }; Enums: { ...; }; CompositeTypes: {}; }, never, never, never>', gave the following error.
    Argument of type '"app_hybrid_rules"' is not assignable to parameter of type 'never'.
services/hybridRuleService.ts(17,13): error TS2769: No overload matches this call.
  Overload 1 of 2, '(relation: "platform_accounts" | "profiles" | "employees" | "advances" | "apps" | "salary_schemes" | "departments" | "positions" | "vehicles" | "account_assignments" | "advance_installments" | ... 22 more ... | "vehicle_mileage_daily"): PostgrestQueryBuilder<...>', gave the following error.
    Argument of type '"app_hybrid_rules"' is not assignable to parameter of type '"platform_accounts" | "profiles" | "employees" | "advances" | "apps" | "salary_schemes" | "departments" | "positions" | "vehicles" | "account_assignments" | "advance_installments" | ... 22 more ... | "vehicle_mileage_daily"'.
  Overload 2 of 2, '(relation: never): PostgrestQueryBuilder<{ PostgrestVersion: "14.1"; }, { Tables: { account_assignments: { Row: { account_id: string; created_at: string; created_by: string; employee_id: string; end_date: string; id: string; month_year: string; notes: string; start_date: string; }; Insert: { ...; }; Update: { ...; }; Relationships: [...]; }; ... 32 more ...; vehicles: { ...; }; }; Views: {}; Functions: { ...; }; Enums: { ...; }; CompositeTypes: {}; }, never, never, never>', gave the following error.
    Argument of type '"app_hybrid_rules"' is not assignable to parameter of type 'never'.
services/hybridRuleService.ts(27,13): error TS2769: No overload matches this call.
  Overload 1 of 2, '(relation: "platform_accounts" | "profiles" | "employees" | "advances" | "apps" | "salary_schemes" | "departments" | "positions" | "vehicles" | "account_assignments" | "advance_installments" | ... 22 more ... | "vehicle_mileage_daily"): PostgrestQueryBuilder<...>', gave the following error.
    Argument of type '"app_hybrid_rules"' is not assignable to parameter of type '"platform_accounts" | "profiles" | "employees" | "advances" | "apps" | "salary_schemes" | "departments" | "positions" | "vehicles" | "account_assignments" | "advance_installments" | ... 22 more ... | "vehicle_mileage_daily"'.
  Overload 2 of 2, '(relation: never): PostgrestQueryBuilder<{ PostgrestVersion: "14.1"; }, { Tables: { account_assignments: { Row: { account_id: string; created_at: string; created_by: string; employee_id: string; end_date: string; id: string; month_year: string; notes: string; start_date: string; }; Insert: { ...; }; Update: { ...; }; Relationships: [...]; }; ... 32 more ...; vehicles: { ...; }; }; Views: {}; Functions: { ...; }; Enums: { ...; }; CompositeTypes: {}; }, never, never, never>', gave the following error.
    Argument of type '"app_hybrid_rules"' is not assignable to parameter of type 'never'.
services/hybridRuleService.ts(28,15): error TS2769: No overload matches this call.
  Overload 1 of 2, '(values: { account_id: string; created_at?: string; created_by?: string; employee_id: string; end_date?: string; id?: string; month_year: string; notes?: string; start_date?: string; } | { advance_id: string; ... 5 more ...; status?: "pending" | ... 1 more ... | "deferred"; } | ... 31 more ... | { ...; }, options?: { ...; }): PostgrestFilterBuilder<...>', gave the following error.
    Argument of type 'Omit<AppHybridRule, "id" | "created_at" | "updated_at">' is not assignable to parameter of type '{ account_id: string; created_at?: string; created_by?: string; employee_id: string; end_date?: string; id?: string; month_year: string; notes?: string; start_date?: string; } | { advance_id: string; ... 5 more ...; status?: "pending" | ... 1 more ... | "deferred"; } | ... 31 more ... | { ...; }'.
      Property 'account_username' is missing in type 'Omit<AppHybridRule, "id" | "created_at" | "updated_at">' but required in type '{ account_id_on_platform?: string; account_username: string; app_id: string; created_at?: string; employee_id?: string; id?: string; iqama_expiry_date?: string; iqama_number?: string; notes?: string; status?: string; updated_at?: string; }'.
  Overload 2 of 2, '(values: ({ account_id: string; created_at?: string; created_by?: string; employee_id: string; end_date?: string; id?: string; month_year: string; notes?: string; start_date?: string; } | { advance_id: string; ... 5 more ...; status?: "pending" | ... 1 more ... | "deferred"; } | ... 31 more ... | { ...; })[], options?: { ...; }): PostgrestFilterBuilder<...>', gave the following error.
    Argument of type 'Omit<AppHybridRule, "id" | "created_at" | "updated_at">' is not assignable to parameter of type '({ account_id: string; created_at?: string; created_by?: string; employee_id: string; end_date?: string; id?: string; month_year: string; notes?: string; start_date?: string; } | { advance_id: string; ... 5 more ...; status?: "pending" | ... 1 more ... | "deferred"; } | ... 31 more ... | { ...; })[]'.
      Type 'Omit<AppHybridRule, "id" | "created_at" | "updated_at">' is missing the following properties from type '({ account_id: string; created_at?: string; created_by?: string; employee_id: string; end_date?: string; id?: string; month_year: string; notes?: string; start_date?: string; } | { advance_id: string; ... 5 more ...; status?: "pending" | ... 1 more ... | "deferred"; } | ... 31 more ... | { ...; })[]': length, pop, push, concat, and 29 more.
services/hybridRuleService.ts(37,13): error TS2769: No overload matches this call.
  Overload 1 of 2, '(relation: "platform_accounts" | "profiles" | "employees" | "advances" | "apps" | "salary_schemes" | "departments" | "positions" | "vehicles" | "account_assignments" | "advance_installments" | ... 22 more ... | "vehicle_mileage_daily"): PostgrestQueryBuilder<...>', gave the following error.
    Argument of type '"app_hybrid_rules"' is not assignable to parameter of type '"platform_accounts" | "profiles" | "employees" | "advances" | "apps" | "salary_schemes" | "departments" | "positions" | "vehicles" | "account_assignments" | "advance_installments" | ... 22 more ... | "vehicle_mileage_daily"'.
  Overload 2 of 2, '(relation: never): PostgrestQueryBuilder<{ PostgrestVersion: "14.1"; }, { Tables: { account_assignments: { Row: { account_id: string; created_at: string; created_by: string; employee_id: string; end_date: string; id: string; month_year: string; notes: string; start_date: string; }; Insert: { ...; }; Update: { ...; }; Relationships: [...]; }; ... 32 more ...; vehicles: { ...; }; }; Views: {}; Functions: { ...; }; Enums: { ...; }; CompositeTypes: {}; }, never, never, never>', gave the following error.
    Argument of type '"app_hybrid_rules"' is not assignable to parameter of type 'never'.
services/maintenanceService.ts(115,11): error TS2769: No overload matches this call.
  Overload 1 of 2, '(relation: "platform_accounts" | "profiles" | "employees" | "advances" | "apps" | "salary_schemes" | "departments" | "positions" | "vehicles" | "account_assignments" | "advance_installments" | ... 22 more ... | "vehicle_mileage_daily"): PostgrestQueryBuilder<...>', gave the following error.
    Argument of type '"spare_parts"' is not assignable to parameter of type '"platform_accounts" | "profiles" | "employees" | "advances" | "apps" | "salary_schemes" | "departments" | "positions" | "vehicles" | "account_assignments" | "advance_installments" | ... 22 more ... | "vehicle_mileage_daily"'.
  Overload 2 of 2, '(relation: never): PostgrestQueryBuilder<{ PostgrestVersion: "14.1"; }, { Tables: { account_assignments: { Row: { account_id: string; created_at: string; created_by: string; employee_id: string; end_date: string; id: string; month_year: string; notes: string; start_date: string; }; Insert: { ...; }; Update: { ...; }; Relationships: [...]; }; ... 32 more ...; vehicles: { ...; }; }; Views: {}; Functions: { ...; }; Enums: { ...; }; CompositeTypes: {}; }, never, never, never>', gave the following error.
    Argument of type '"spare_parts"' is not assignable to parameter of type 'never'.
services/maintenanceService.ts(119,10): error TS2352: Conversion of type '({ action: string; created_at: string; id: string; new_value: Json; old_value: Json; record_id: string; table_name: string; user_id: string; } | { cr_number: string; created_at: string; id: string; name: string; name_en: string; notes: string; } | ... 31 more ... | { ...; })[]' to type 'SparePart[]' may be a mistake because neither type sufficiently overlaps with the other. If this was intentional, convert the expression to 'unknown' first.
  Type '{ action: string; created_at: string; id: string; new_value: Json; old_value: Json; record_id: string; table_name: string; user_id: string; } | { cr_number: string; created_at: string; id: string; name: string; name_en: string; notes: string; } | ... 31 more ... | { ...; }' is not comparable to type 'SparePart'.
    Type '{ authorization_expiry: string; brand: string; chassis_number: string; created_at: string; has_fuel_chip: boolean; id: string; insurance_expiry: string; model: string; notes: string; plate_number: string; ... 6 more ...; year: number; }' is missing the following properties from type 'SparePart': name_ar, stock_quantity, min_stock_alert, unit, unit_cost
services/maintenanceService.ts(124,11): error TS2769: No overload matches this call.
  Overload 1 of 2, '(relation: "platform_accounts" | "profiles" | "employees" | "advances" | "apps" | "salary_schemes" | "departments" | "positions" | "vehicles" | "account_assignments" | "advance_installments" | ... 22 more ... | "vehicle_mileage_daily"): PostgrestQueryBuilder<...>', gave the following error.
    Argument of type '"spare_parts"' is not assignable to parameter of type '"platform_accounts" | "profiles" | "employees" | "advances" | "apps" | "salary_schemes" | "departments" | "positions" | "vehicles" | "account_assignments" | "advance_installments" | ... 22 more ... | "vehicle_mileage_daily"'.
  Overload 2 of 2, '(relation: never): PostgrestQueryBuilder<{ PostgrestVersion: "14.1"; }, { Tables: { account_assignments: { Row: { account_id: string; created_at: string; created_by: string; employee_id: string; end_date: string; id: string; month_year: string; notes: string; start_date: string; }; Insert: { ...; }; Update: { ...; }; Relationships: [...]; }; ... 32 more ...; vehicles: { ...; }; }; Views: {}; Functions: { ...; }; Enums: { ...; }; CompositeTypes: {}; }, never, never, never>', gave the following error.
    Argument of type '"spare_parts"' is not assignable to parameter of type 'never'.
services/maintenanceService.ts(126,7): error TS2769: No overload matches this call.
  Overload 1 of 2, '(values: { account_id: string; created_at?: string; created_by?: string; employee_id: string; end_date?: string; id?: string; month_year: string; notes?: string; start_date?: string; } | { advance_id: string; ... 5 more ...; status?: "pending" | ... 1 more ... | "deferred"; } | ... 31 more ... | { ...; }, options?: { ...; }): PostgrestFilterBuilder<...>', gave the following error.
    Object literal may only specify known properties, and 'name_ar' does not exist in type '{ account_id: string; created_at?: string; created_by?: string; employee_id: string; end_date?: string; id?: string; month_year: string; notes?: string; start_date?: string; } | { advance_id: string; ... 5 more ...; status?: "pending" | ... 1 more ... | "deferred"; } | ... 31 more ... | { ...; }'.
  Overload 2 of 2, '(values: ({ account_id: string; created_at?: string; created_by?: string; employee_id: string; end_date?: string; id?: string; month_year: string; notes?: string; start_date?: string; } | { advance_id: string; ... 5 more ...; status?: "pending" | ... 1 more ... | "deferred"; } | ... 31 more ... | { ...; })[], options?: { ...; }): PostgrestFilterBuilder<...>', gave the following error.
    Object literal may only specify known properties, and 'name_ar' does not exist in type '({ account_id: string; created_at?: string; created_by?: string; employee_id: string; end_date?: string; id?: string; month_year: string; notes?: string; start_date?: string; } | { advance_id: string; ... 5 more ...; status?: "pending" | ... 1 more ... | "deferred"; } | ... 31 more ... | { ...; })[]'.
services/maintenanceService.ts(138,10): error TS2352: Conversion of type '{ action: string; created_at: string; id: string; new_value: Json; old_value: Json; record_id: string; table_name: string; user_id: string; } | { cr_number: string; created_at: string; id: string; name: string; name_en: string; notes: string; } | ... 31 more ... | { ...; }' to type 'SparePart' may be a mistake because neither type sufficiently overlaps with the other. If this was intentional, convert the expression to 'unknown' first.
  Type '{ authorization_expiry: string; brand: string; chassis_number: string; created_at: string; has_fuel_chip: boolean; id: string; insurance_expiry: string; model: string; notes: string; plate_number: string; ... 6 more ...; year: number; }' is missing the following properties from type 'SparePart': name_ar, stock_quantity, min_stock_alert, unit, unit_cost
services/maintenanceService.ts(145,11): error TS2769: No overload matches this call.
  Overload 1 of 2, '(relation: "platform_accounts" | "profiles" | "employees" | "advances" | "apps" | "salary_schemes" | "departments" | "positions" | "vehicles" | "account_assignments" | "advance_installments" | ... 22 more ... | "vehicle_mileage_daily"): PostgrestQueryBuilder<...>', gave the following error.
    Argument of type '"spare_parts"' is not assignable to parameter of type '"platform_accounts" | "profiles" | "employees" | "advances" | "apps" | "salary_schemes" | "departments" | "positions" | "vehicles" | "account_assignments" | "advance_installments" | ... 22 more ... | "vehicle_mileage_daily"'.
  Overload 2 of 2, '(relation: never): PostgrestQueryBuilder<{ PostgrestVersion: "14.1"; }, { Tables: { account_assignments: { Row: { account_id: string; created_at: string; created_by: string; employee_id: string; end_date: string; id: string; month_year: string; notes: string; start_date: string; }; Insert: { ...; }; Update: { ...; }; Relationships: [...]; }; ... 32 more ...; vehicles: { ...; }; }; Views: {}; Functions: { ...; }; Enums: { ...; }; CompositeTypes: {}; }, never, never, never>', gave the following error.
    Argument of type '"spare_parts"' is not assignable to parameter of type 'never'.
services/maintenanceService.ts(151,10): error TS2352: Conversion of type '{ action: string; created_at: string; id: string; new_value: Json; old_value: Json; record_id: string; table_name: string; user_id: string; } | { cr_number: string; created_at: string; id: string; name: string; name_en: string; notes: string; } | ... 31 more ... | { ...; }' to type 'SparePart' may be a mistake because neither type sufficiently overlaps with the other. If this was intentional, convert the expression to 'unknown' first.
  Type '{ authorization_expiry: string; brand: string; chassis_number: string; created_at: string; has_fuel_chip: boolean; id: string; insurance_expiry: string; model: string; notes: string; plate_number: string; ... 6 more ...; year: number; }' is missing the following properties from type 'SparePart': name_ar, stock_quantity, min_stock_alert, unit, unit_cost
services/maintenanceService.ts(155,40): error TS2589: Type instantiation is excessively deep and possibly infinite.
services/maintenanceService.ts(156,11): error TS2769: No overload matches this call.
  Overload 1 of 2, '(relation: "platform_accounts" | "profiles" | "employees" | "advances" | "apps" | "salary_schemes" | "departments" | "positions" | "vehicles" | "account_assignments" | "advance_installments" | ... 22 more ... | "vehicle_mileage_daily"): PostgrestQueryBuilder<...>', gave the following error.
    Argument of type '"maintenance_parts"' is not assignable to parameter of type '"platform_accounts" | "profiles" | "employees" | "advances" | "apps" | "salary_schemes" | "departments" | "positions" | "vehicles" | "account_assignments" | "advance_installments" | ... 22 more ... | "vehicle_mileage_daily"'.
  Overload 2 of 2, '(relation: never): PostgrestQueryBuilder<{ PostgrestVersion: "14.1"; }, { Tables: { account_assignments: { Row: { account_id: string; created_at: string; created_by: string; employee_id: string; end_date: string; id: string; month_year: string; notes: string; start_date: string; }; Insert: { ...; }; Update: { ...; }; Relationships: [...]; }; ... 32 more ...; vehicles: { ...; }; }; Views: {}; Functions: { ...; }; Enums: { ...; }; CompositeTypes: {}; }, never, never, never>', gave the following error.
    Argument of type '"maintenance_parts"' is not assignable to parameter of type 'never'.
services/maintenanceService.ts(163,41): error TS2769: No overload matches this call.
  Overload 1 of 2, '(relation: "platform_accounts" | "profiles" | "employees" | "advances" | "apps" | "salary_schemes" | "departments" | "positions" | "vehicles" | "account_assignments" | "advance_installments" | ... 22 more ... | "vehicle_mileage_daily"): PostgrestQueryBuilder<...>', gave the following error.
    Argument of type '"spare_parts"' is not assignable to parameter of type '"platform_accounts" | "profiles" | "employees" | "advances" | "apps" | "salary_schemes" | "departments" | "positions" | "vehicles" | "account_assignments" | "advance_installments" | ... 22 more ... | "vehicle_mileage_daily"'.
  Overload 2 of 2, '(relation: never): PostgrestQueryBuilder<{ PostgrestVersion: "14.1"; }, { Tables: { account_assignments: { Row: { account_id: string; created_at: string; created_by: string; employee_id: string; end_date: string; id: string; month_year: string; notes: string; start_date: string; }; Insert: { ...; }; Update: { ...; }; Relationships: [...]; }; ... 32 more ...; vehicles: { ...; }; }; Views: {}; Functions: { ...; }; Enums: { ...; }; CompositeTypes: {}; }, never, never, never>', gave the following error.
    Argument of type '"spare_parts"' is not assignable to parameter of type 'never'.
services/maintenanceService.ts(196,6): error TS2769: No overload matches this call.
  Overload 1 of 2, '(values: { cost?: number; created_at?: string; created_by?: string; date?: string; description?: string; id?: string; paid_by?: string; status?: string; type?: "accident" | "routine" | "breakdown"; vehicle_id: string; }, options?: { ...; }): PostgrestFilterBuilder<...>', gave the following error.
    Type 'string' is not assignable to type '"accident" | "routine" | "breakdown"'.
  Overload 2 of 2, '(values: { cost?: number; created_at?: string; created_by?: string; date?: string; description?: string; id?: string; paid_by?: string; status?: string; type?: "accident" | "routine" | "breakdown"; vehicle_id: string; }[], options?: { ...; }): PostgrestFilterBuilder<...>', gave the following error.
    Object literal may only specify known properties, and 'vehicle_id' does not exist in type '{ cost?: number; created_at?: string; created_by?: string; date?: string; description?: string; id?: string; paid_by?: string; status?: string; type?: "accident" | "routine" | "breakdown"; vehicle_id: string; }[]'.
services/maintenanceService.ts(217,49): error TS2769: No overload matches this call.
  Overload 1 of 2, '(relation: "platform_accounts" | "profiles" | "employees" | "advances" | "apps" | "salary_schemes" | "departments" | "positions" | "vehicles" | "account_assignments" | "advance_installments" | ... 22 more ... | "vehicle_mileage_daily"): PostgrestQueryBuilder<...>', gave the following error.
    Argument of type '"maintenance_parts"' is not assignable to parameter of type '"platform_accounts" | "profiles" | "employees" | "advances" | "apps" | "salary_schemes" | "departments" | "positions" | "vehicles" | "account_assignments" | "advance_installments" | ... 22 more ... | "vehicle_mileage_daily"'.
  Overload 2 of 2, '(relation: never): PostgrestQueryBuilder<{ PostgrestVersion: "14.1"; }, { Tables: { account_assignments: { Row: { account_id: string; created_at: string; created_by: string; employee_id: string; end_date: string; id: string; month_year: string; notes: string; start_date: string; }; Insert: { ...; }; Update: { ...; }; Relationships: [...]; }; ... 32 more ...; vehicles: { ...; }; }; Views: {}; Functions: { ...; }; Enums: { ...; }; CompositeTypes: {}; }, never, never, never>', gave the following error.
    Argument of type '"maintenance_parts"' is not assignable to parameter of type 'never'.
services/maintenanceService.ts(217,77): error TS2769: No overload matches this call.
  Overload 1 of 2, '(values: { account_id: string; created_at?: string; created_by?: string; employee_id: string; end_date?: string; id?: string; month_year: string; notes?: string; start_date?: string; } | { advance_id: string; ... 5 more ...; status?: "pending" | ... 1 more ... | "deferred"; } | ... 31 more ... | { ...; }, options?: { ...; }): PostgrestFilterBuilder<...>', gave the following error.
    Argument of type '{ maintenance_log_id: string; part_id: string; quantity_used: number; cost_at_time: number; }[]' is not assignable to parameter of type '{ account_id: string; created_at?: string; created_by?: string; employee_id: string; end_date?: string; id?: string; month_year: string; notes?: string; start_date?: string; } | { advance_id: string; ... 5 more ...; status?: "pending" | ... 1 more ... | "deferred"; } | ... 31 more ... | { ...; }'.
  Overload 2 of 2, '(values: ({ account_id: string; created_at?: string; created_by?: string; employee_id: string; end_date?: string; id?: string; month_year: string; notes?: string; start_date?: string; } | { advance_id: string; ... 5 more ...; status?: "pending" | ... 1 more ... | "deferred"; } | ... 31 more ... | { ...; })[], options?: { ...; }): PostgrestFilterBuilder<...>', gave the following error.
    Argument of type '{ maintenance_log_id: string; part_id: string; quantity_used: number; cost_at_time: number; }[]' is not assignable to parameter of type '({ account_id: string; created_at?: string; created_by?: string; employee_id: string; end_date?: string; id?: string; month_year: string; notes?: string; start_date?: string; } | { advance_id: string; ... 5 more ...; status?: "pending" | ... 1 more ... | "deferred"; } | ... 31 more ... | { ...; })[]'.
      Type '{ maintenance_log_id: string; part_id: string; quantity_used: number; cost_at_time: number; }' is not assignable to type '{ account_id: string; created_at?: string; created_by?: string; employee_id: string; end_date?: string; id?: string; month_year: string; notes?: string; start_date?: string; } | { advance_id: string; ... 5 more ...; status?: "pending" | ... 1 more ... | "deferred"; } | ... 31 more ... | { ...; }'.
services/maintenanceService.ts(254,11): error TS2769: No overload matches this call.
  Overload 1 of 2, '(relation: "platform_accounts" | "profiles" | "employees" | "advances" | "apps" | "salary_schemes" | "departments" | "positions" | "vehicles" | "account_assignments" | "advance_installments" | ... 22 more ... | "vehicle_mileage_daily"): PostgrestQueryBuilder<...>', gave the following error.
    Argument of type '"spare_parts"' is not assignable to parameter of type '"platform_accounts" | "profiles" | "employees" | "advances" | "apps" | "salary_schemes" | "departments" | "positions" | "vehicles" | "account_assignments" | "advance_installments" | ... 22 more ... | "vehicle_mileage_daily"'.
  Overload 2 of 2, '(relation: never): PostgrestQueryBuilder<{ PostgrestVersion: "14.1"; }, { Tables: { account_assignments: { Row: { account_id: string; created_at: string; created_by: string; employee_id: string; end_date: string; id: string; month_year: string; notes: string; start_date: string; }; Insert: { ...; }; Update: { ...; }; Relationships: [...]; }; ... 32 more ...; vehicles: { ...; }; }; Views: {}; Functions: { ...; }; Enums: { ...; }; CompositeTypes: {}; }, never, never, never>', gave the following error.
    Argument of type '"spare_parts"' is not assignable to parameter of type 'never'.
services/maintenanceService.ts(257,16): error TS2352: Conversion of type '(SelectQueryError<"column 'name_ar' does not exist on 'platform_accounts'."> | SelectQueryError<"column 'name_ar' does not exist on 'profiles'."> | ... 31 more ... | SelectQueryError<...>)[]' to type 'LowStockSparePartRow[]' may be a mistake because neither type sufficiently overlaps with the other. If this was intentional, convert the expression to 'unknown' first.
  Type 'SelectQueryError<"column 'name_ar' does not exist on 'platform_accounts'."> | SelectQueryError<"column 'name_ar' does not exist on 'profiles'."> | ... 31 more ... | SelectQueryError<...>' is not comparable to type 'LowStockSparePartRow'.
    Type '{ error: true; } & String' is missing the following properties from type 'LowStockSparePartRow': id, name_ar, stock_quantity, min_stock_alert, unit
services/orderService.ts(322,50): error TS2345: Argument of type '"replace_daily_orders_month_rpc"' is not assignable to parameter of type '"get_my_role" | "has_role" | "is_active_user"'.
services/orderService.ts(442,12): error TS2352: Conversion of type 'SelectQueryError<"column 'work_type' does not exist on 'apps'.">[]' to type 'ActiveApp[]' may be a mistake because neither type sufficiently overlaps with the other. If this was intentional, convert the expression to 'unknown' first.
  Type '{ error: true; } & String' is missing the following properties from type 'ActiveApp': id, name, name_en
services/performanceService.ts(230,48): error TS2345: Argument of type '"performance_dashboard_rpc"' is not assignable to parameter of type '"get_my_role" | "has_role" | "is_active_user"'.
services/performanceService.ts(245,48): error TS2345: Argument of type '"rider_profile_performance_rpc"' is not assignable to parameter of type '"get_my_role" | "has_role" | "is_active_user"'.
services/performanceService.ts(323,48): error TS2345: Argument of type '"capture_salary_month_snapshot"' is not assignable to parameter of type '"get_my_role" | "has_role" | "is_active_user"'.
services/salaryDraftService.ts(43,35): error TS2589: Type instantiation is excessively deep and possibly infinite.
services/salaryDraftService.ts(43,35): error TS2589: Type instantiation is excessively deep and possibly infinite.
services/salaryDraftService.ts(44,13): error TS2769: No overload matches this call.
  Overload 1 of 2, '(relation: "platform_accounts" | "profiles" | "employees" | "advances" | "apps" | "salary_schemes" | "departments" | "positions" | "vehicles" | "account_assignments" | "advance_installments" | ... 22 more ... | "vehicle_mileage_daily"): PostgrestQueryBuilder<...>', gave the following error.
    Argument of type '"salary_drafts"' is not assignable to parameter of type '"platform_accounts" | "profiles" | "employees" | "advances" | "apps" | "salary_schemes" | "departments" | "positions" | "vehicles" | "account_assignments" | "advance_installments" | ... 22 more ... | "vehicle_mileage_daily"'.
  Overload 2 of 2, '(relation: never): PostgrestQueryBuilder<{ PostgrestVersion: "14.1"; }, { Tables: { account_assignments: { Row: { account_id: string; created_at: string; created_by: string; employee_id: string; end_date: string; id: string; month_year: string; notes: string; start_date: string; }; Insert: { ...; }; Update: { ...; }; Relationships: [...]; }; ... 32 more ...; vehicles: { ...; }; }; Views: {}; Functions: { ...; }; Enums: { ...; }; CompositeTypes: {}; }, never, never, never>', gave the following error.
    Argument of type '"salary_drafts"' is not assignable to parameter of type 'never'.
services/salaryDraftService.ts(53,30): error TS2339: Property 'employee_id' does not exist on type 'SelectQueryError<"column 'employee_id' does not exist on 'platform_accounts'."> | SelectQueryError<"column 'employee_id' does not exist on 'profiles'."> | ... 31 more ... | SelectQueryError<...>'.
  Property 'employee_id' does not exist on type 'SelectQueryError<"column 'employee_id' does not exist on 'platform_accounts'.">'.
services/salaryDraftService.ts(54,31): error TS2339: Property 'draft_data' does not exist on type 'SelectQueryError<"column 'employee_id' does not exist on 'platform_accounts'."> | SelectQueryError<"column 'employee_id' does not exist on 'profiles'."> | ... 31 more ... | SelectQueryError<...>'.
  Property 'draft_data' does not exist on type 'SelectQueryError<"column 'employee_id' does not exist on 'platform_accounts'.">'.
services/salaryDraftService.ts(70,13): error TS2769: No overload matches this call.
  Overload 1 of 2, '(relation: "platform_accounts" | "profiles" | "employees" | "advances" | "apps" | "salary_schemes" | "departments" | "positions" | "vehicles" | "account_assignments" | "advance_installments" | ... 22 more ... | "vehicle_mileage_daily"): PostgrestQueryBuilder<...>', gave the following error.
    Argument of type '"salary_drafts"' is not assignable to parameter of type '"platform_accounts" | "profiles" | "employees" | "advances" | "apps" | "salary_schemes" | "departments" | "positions" | "vehicles" | "account_assignments" | "advance_installments" | ... 22 more ... | "vehicle_mileage_daily"'.
  Overload 2 of 2, '(relation: never): PostgrestQueryBuilder<{ PostgrestVersion: "14.1"; }, { Tables: { account_assignments: { Row: { account_id: string; created_at: string; created_by: string; employee_id: string; end_date: string; id: string; month_year: string; notes: string; start_date: string; }; Insert: { ...; }; Update: { ...; }; Relationships: [...]; }; ... 32 more ...; vehicles: { ...; }; }; Views: {}; Functions: { ...; }; Enums: { ...; }; CompositeTypes: {}; }, never, never, never>', gave the following error.
    Argument of type '"salary_drafts"' is not assignable to parameter of type 'never'.
services/salaryDraftService.ts(108,13): error TS2769: No overload matches this call.
  Overload 1 of 2, '(relation: "platform_accounts" | "profiles" | "employees" | "advances" | "apps" | "salary_schemes" | "departments" | "positions" | "vehicles" | "account_assignments" | "advance_installments" | ... 22 more ... | "vehicle_mileage_daily"): PostgrestQueryBuilder<...>', gave the following error.
    Argument of type '"salary_drafts"' is not assignable to parameter of type '"platform_accounts" | "profiles" | "employees" | "advances" | "apps" | "salary_schemes" | "departments" | "positions" | "vehicles" | "account_assignments" | "advance_installments" | ... 22 more ... | "vehicle_mileage_daily"'.
  Overload 2 of 2, '(relation: never): PostgrestQueryBuilder<{ PostgrestVersion: "14.1"; }, { Tables: { account_assignments: { Row: { account_id: string; created_at: string; created_by: string; employee_id: string; end_date: string; id: string; month_year: string; notes: string; start_date: string; }; Insert: { ...; }; Update: { ...; }; Relationships: [...]; }; ... 32 more ...; vehicles: { ...; }; }; Views: {}; Functions: { ...; }; Enums: { ...; }; CompositeTypes: {}; }, never, never, never>', gave the following error.
    Argument of type '"salary_drafts"' is not assignable to parameter of type 'never'.
services/salaryDraftService.ts(131,13): error TS2769: No overload matches this call.
  Overload 1 of 2, '(relation: "platform_accounts" | "profiles" | "employees" | "advances" | "apps" | "salary_schemes" | "departments" | "positions" | "vehicles" | "account_assignments" | "advance_installments" | ... 22 more ... | "vehicle_mileage_daily"): PostgrestQueryBuilder<...>', gave the following error.
    Argument of type '"salary_drafts"' is not assignable to parameter of type '"platform_accounts" | "profiles" | "employees" | "advances" | "apps" | "salary_schemes" | "departments" | "positions" | "vehicles" | "account_assignments" | "advance_installments" | ... 22 more ... | "vehicle_mileage_daily"'.
  Overload 2 of 2, '(relation: never): PostgrestQueryBuilder<{ PostgrestVersion: "14.1"; }, { Tables: { account_assignments: { Row: { account_id: string; created_at: string; created_by: string; employee_id: string; end_date: string; id: string; month_year: string; notes: string; start_date: string; }; Insert: { ...; }; Update: { ...; }; Relationships: [...]; }; ... 32 more ...; vehicles: { ...; }; }; Views: {}; Functions: { ...; }; Enums: { ...; }; CompositeTypes: {}; }, never, never, never>', gave the following error.
    Argument of type '"salary_drafts"' is not assignable to parameter of type 'never'.
services/salaryDraftService.ts(140,36): error TS2339: Property 'employee_id' does not exist on type 'SelectQueryError<"column 'employee_id' does not exist on 'platform_accounts'."> | SelectQueryError<"column 'employee_id' does not exist on 'profiles'."> | ... 31 more ... | SelectQueryError<...>'.
  Property 'employee_id' does not exist on type 'SelectQueryError<"column 'employee_id' does not exist on 'platform_accounts'.">'.
services/salaryDraftService.ts(146,13): error TS2769: No overload matches this call.
  Overload 1 of 2, '(relation: "platform_accounts" | "profiles" | "employees" | "advances" | "apps" | "salary_schemes" | "departments" | "positions" | "vehicles" | "account_assignments" | "advance_installments" | ... 22 more ... | "vehicle_mileage_daily"): PostgrestQueryBuilder<...>', gave the following error.
    Argument of type '"salary_drafts"' is not assignable to parameter of type '"platform_accounts" | "profiles" | "employees" | "advances" | "apps" | "salary_schemes" | "departments" | "positions" | "vehicles" | "account_assignments" | "advance_installments" | ... 22 more ... | "vehicle_mileage_daily"'.
  Overload 2 of 2, '(relation: never): PostgrestQueryBuilder<{ PostgrestVersion: "14.1"; }, { Tables: { account_assignments: { Row: { account_id: string; created_at: string; created_by: string; employee_id: string; end_date: string; id: string; month_year: string; notes: string; start_date: string; }; Insert: { ...; }; Update: { ...; }; Relationships: [...]; }; ... 32 more ...; vehicles: { ...; }; }; Views: {}; Functions: { ...; }; Enums: { ...; }; CompositeTypes: {}; }, never, never, never>', gave the following error.
    Argument of type '"salary_drafts"' is not assignable to parameter of type 'never'.
services/salaryDraftService.ts(161,13): error TS2769: No overload matches this call.
  Overload 1 of 2, '(relation: "platform_accounts" | "profiles" | "employees" | "advances" | "apps" | "salary_schemes" | "departments" | "positions" | "vehicles" | "account_assignments" | "advance_installments" | ... 22 more ... | "vehicle_mileage_daily"): PostgrestQueryBuilder<...>', gave the following error.
    Argument of type '"salary_drafts"' is not assignable to parameter of type '"platform_accounts" | "profiles" | "employees" | "advances" | "apps" | "salary_schemes" | "departments" | "positions" | "vehicles" | "account_assignments" | "advance_installments" | ... 22 more ... | "vehicle_mileage_daily"'.
  Overload 2 of 2, '(relation: never): PostgrestQueryBuilder<{ PostgrestVersion: "14.1"; }, { Tables: { account_assignments: { Row: { account_id: string; created_at: string; created_by: string; employee_id: string; end_date: string; id: string; month_year: string; notes: string; start_date: string; }; Insert: { ...; }; Update: { ...; }; Relationships: [...]; }; ... 32 more ...; vehicles: { ...; }; }; Views: {}; Functions: { ...; }; Enums: { ...; }; CompositeTypes: {}; }, never, never, never>', gave the following error.
    Argument of type '"salary_drafts"' is not assignable to parameter of type 'never'.
services/salaryDraftService.ts(176,13): error TS2769: No overload matches this call.
  Overload 1 of 2, '(relation: "platform_accounts" | "profiles" | "employees" | "advances" | "apps" | "salary_schemes" | "departments" | "positions" | "vehicles" | "account_assignments" | "advance_installments" | ... 22 more ... | "vehicle_mileage_daily"): PostgrestQueryBuilder<...>', gave the following error.
    Argument of type '"salary_drafts"' is not assignable to parameter of type '"platform_accounts" | "profiles" | "employees" | "advances" | "apps" | "salary_schemes" | "departments" | "positions" | "vehicles" | "account_assignments" | "advance_installments" | ... 22 more ... | "vehicle_mileage_daily"'.
  Overload 2 of 2, '(relation: never): PostgrestQueryBuilder<{ PostgrestVersion: "14.1"; }, { Tables: { account_assignments: { Row: { account_id: string; created_at: string; created_by: string; employee_id: string; end_date: string; id: string; month_year: string; notes: string; start_date: string; }; Insert: { ...; }; Update: { ...; }; Relationships: [...]; }; ... 32 more ...; vehicles: { ...; }; }; Views: {}; Functions: { ...; }; Enums: { ...; }; CompositeTypes: {}; }, never, never, never>', gave the following error.
    Argument of type '"salary_drafts"' is not assignable to parameter of type 'never'.
services/salaryService.ts(436,10): error TS2322: Type '{ employee_id: string; is_approved: boolean; base_salary: number; allowances: number; advance_deduction: number; net_salary: number; manual_deduction: number; attendance_deduction: number; external_deduction: number; payment_method: string; }[]' is not assignable to type '{ employee_id: string; is_approved: boolean; base_salary: number; allowances: number; advance_deduction: number; net_salary: number; manual_deduction: number; attendance_deduction: number; external_deduction: number; payment_method: string; sheet_snapshot: Json; }[]'.
  Property 'sheet_snapshot' is missing in type '{ employee_id: string; is_approved: boolean; base_salary: number; allowances: number; advance_deduction: number; net_salary: number; manual_deduction: number; attendance_deduction: number; external_deduction: number; payment_method: string; }' but required in type '{ employee_id: string; is_approved: boolean; base_salary: number; allowances: number; advance_deduction: number; net_salary: number; manual_deduction: number; attendance_deduction: number; external_deduction: number; payment_method: string; sheet_snapshot: Json; }'.
services/salarySlipTemplateService.ts(18,13): error TS2769: No overload matches this call.
  Overload 1 of 2, '(relation: "platform_accounts" | "profiles" | "employees" | "advances" | "apps" | "salary_schemes" | "departments" | "positions" | "vehicles" | "account_assignments" | "advance_installments" | ... 22 more ... | "vehicle_mileage_daily"): PostgrestQueryBuilder<...>', gave the following error.
    Argument of type '"salary_slip_templates"' is not assignable to parameter of type '"platform_accounts" | "profiles" | "employees" | "advances" | "apps" | "salary_schemes" | "departments" | "positions" | "vehicles" | "account_assignments" | "advance_installments" | ... 22 more ... | "vehicle_mileage_daily"'.
  Overload 2 of 2, '(relation: never): PostgrestQueryBuilder<{ PostgrestVersion: "14.1"; }, { Tables: { account_assignments: { Row: { account_id: string; created_at: string; created_by: string; employee_id: string; end_date: string; id: string; month_year: string; notes: string; start_date: string; }; Insert: { ...; }; Update: { ...; }; Relationships: [...]; }; ... 32 more ...; vehicles: { ...; }; }; Views: {}; Functions: { ...; }; Enums: { ...; }; CompositeTypes: {}; }, never, never, never>', gave the following error.
    Argument of type '"salary_slip_templates"' is not assignable to parameter of type 'never'.
services/salarySlipTemplateService.ts(23,5): error TS2322: Type '({ action: string; created_at: string; id: string; new_value: Json; old_value: Json; record_id: string; table_name: string; user_id: string; } | { cr_number: string; created_at: string; id: string; name: string; name_en: string; notes: string; } | ... 31 more ... | { ...; })[]' is not assignable to type 'SalarySlipTemplate[]'.
  Type '{ action: string; created_at: string; id: string; new_value: Json; old_value: Json; record_id: string; table_name: string; user_id: string; } | { cr_number: string; created_at: string; id: string; name: string; name_en: string; notes: string; } | ... 31 more ... | { ...; }' is not assignable to type 'SalarySlipTemplate'.
    Type '{ action: string; created_at: string; id: string; new_value: Json; old_value: Json; record_id: string; table_name: string; user_id: string; }' is missing the following properties from type 'SalarySlipTemplate': name, header_html, footer_html, selected_columns, is_default
services/salarySlipTemplateService.ts(28,35): error TS2589: Type instantiation is excessively deep and possibly infinite.
services/salarySlipTemplateService.ts(29,13): error TS2769: No overload matches this call.
  Overload 1 of 2, '(relation: "platform_accounts" | "profiles" | "employees" | "advances" | "apps" | "salary_schemes" | "departments" | "positions" | "vehicles" | "account_assignments" | "advance_installments" | ... 22 more ... | "vehicle_mileage_daily"): PostgrestQueryBuilder<...>', gave the following error.
    Argument of type '"salary_slip_templates"' is not assignable to parameter of type '"platform_accounts" | "profiles" | "employees" | "advances" | "apps" | "salary_schemes" | "departments" | "positions" | "vehicles" | "account_assignments" | "advance_installments" | ... 22 more ... | "vehicle_mileage_daily"'.
  Overload 2 of 2, '(relation: never): PostgrestQueryBuilder<{ PostgrestVersion: "14.1"; }, { Tables: { account_assignments: { Row: { account_id: string; created_at: string; created_by: string; employee_id: string; end_date: string; id: string; month_year: string; notes: string; start_date: string; }; Insert: { ...; }; Update: { ...; }; Relationships: [...]; }; ... 32 more ...; vehicles: { ...; }; }; Views: {}; Functions: { ...; }; Enums: { ...; }; CompositeTypes: {}; }, never, never, never>', gave the following error.
    Argument of type '"salary_slip_templates"' is not assignable to parameter of type 'never'.
services/salarySlipTemplateService.ts(35,5): error TS2322: Type '{ action: string; created_at: string; id: string; new_value: Json; old_value: Json; record_id: string; table_name: string; user_id: string; } | { cr_number: string; created_at: string; id: string; name: string; name_en: string; notes: string; } | ... 31 more ... | { ...; }' is not assignable to type 'SalarySlipTemplate'.
  Type '{ action: string; created_at: string; id: string; new_value: Json; old_value: Json; record_id: string; table_name: string; user_id: string; }' is missing the following properties from type 'SalarySlipTemplate': name, header_html, footer_html, selected_columns, is_default
services/salarySlipTemplateService.ts(43,15): error TS2769: No overload matches this call.
  Overload 1 of 2, '(relation: "platform_accounts" | "profiles" | "employees" | "advances" | "apps" | "salary_schemes" | "departments" | "positions" | "vehicles" | "account_assignments" | "advance_installments" | ... 22 more ... | "vehicle_mileage_daily"): PostgrestQueryBuilder<...>', gave the following error.
    Argument of type '"salary_slip_templates"' is not assignable to parameter of type '"platform_accounts" | "profiles" | "employees" | "advances" | "apps" | "salary_schemes" | "departments" | "positions" | "vehicles" | "account_assignments" | "advance_installments" | ... 22 more ... | "vehicle_mileage_daily"'.
  Overload 2 of 2, '(relation: never): PostgrestQueryBuilder<{ PostgrestVersion: "14.1"; }, { Tables: { account_assignments: { Row: { account_id: string; created_at: string; created_by: string; employee_id: string; end_date: string; id: string; month_year: string; notes: string; start_date: string; }; Insert: { ...; }; Update: { ...; }; Relationships: [...]; }; ... 32 more ...; vehicles: { ...; }; }; Views: {}; Functions: { ...; }; Enums: { ...; }; CompositeTypes: {}; }, never, never, never>', gave the following error.
    Argument of type '"salary_slip_templates"' is not assignable to parameter of type 'never'.
services/salarySlipTemplateService.ts(44,19): error TS2353: Object literal may only specify known properties, and 'is_default' does not exist in type '{ account_id?: string; created_at?: string; created_by?: string; employee_id?: string; end_date?: string; id?: string; month_year?: string; notes?: string; start_date?: string; } | { advance_id?: string; ... 5 more ...; status?: "pending" | ... 1 more ... | "deferred"; } | ... 31 more ... | { ...; }'.
services/salarySlipTemplateService.ts(49,13): error TS2769: No overload matches this call.
  Overload 1 of 2, '(relation: "platform_accounts" | "profiles" | "employees" | "advances" | "apps" | "salary_schemes" | "departments" | "positions" | "vehicles" | "account_assignments" | "advance_installments" | ... 22 more ... | "vehicle_mileage_daily"): PostgrestQueryBuilder<...>', gave the following error.
    Argument of type '"salary_slip_templates"' is not assignable to parameter of type '"platform_accounts" | "profiles" | "employees" | "advances" | "apps" | "salary_schemes" | "departments" | "positions" | "vehicles" | "account_assignments" | "advance_installments" | ... 22 more ... | "vehicle_mileage_daily"'.
  Overload 2 of 2, '(relation: never): PostgrestQueryBuilder<{ PostgrestVersion: "14.1"; }, { Tables: { account_assignments: { Row: { account_id: string; created_at: string; created_by: string; employee_id: string; end_date: string; id: string; month_year: string; notes: string; start_date: string; }; Insert: { ...; }; Update: { ...; }; Relationships: [...]; }; ... 32 more ...; vehicles: { ...; }; }; Views: {}; Functions: { ...; }; Enums: { ...; }; CompositeTypes: {}; }, never, never, never>', gave the following error.
    Argument of type '"salary_slip_templates"' is not assignable to parameter of type 'never'.
services/salarySlipTemplateService.ts(55,5): error TS2322: Type '{ action: string; created_at: string; id: string; new_value: Json; old_value: Json; record_id: string; table_name: string; user_id: string; } | { cr_number: string; created_at: string; id: string; name: string; name_en: string; notes: string; } | ... 31 more ... | { ...; }' is not assignable to type 'SalarySlipTemplate'.
  Type '{ action: string; created_at: string; id: string; new_value: Json; old_value: Json; record_id: string; table_name: string; user_id: string; }' is missing the following properties from type 'SalarySlipTemplate': name, header_html, footer_html, selected_columns, is_default
services/salarySlipTemplateService.ts(62,15): error TS2769: No overload matches this call.
  Overload 1 of 2, '(relation: "platform_accounts" | "profiles" | "employees" | "advances" | "apps" | "salary_schemes" | "departments" | "positions" | "vehicles" | "account_assignments" | "advance_installments" | ... 22 more ... | "vehicle_mileage_daily"): PostgrestQueryBuilder<...>', gave the following error.
    Argument of type '"salary_slip_templates"' is not assignable to parameter of type '"platform_accounts" | "profiles" | "employees" | "advances" | "apps" | "salary_schemes" | "departments" | "positions" | "vehicles" | "account_assignments" | "advance_installments" | ... 22 more ... | "vehicle_mileage_daily"'.
  Overload 2 of 2, '(relation: never): PostgrestQueryBuilder<{ PostgrestVersion: "14.1"; }, { Tables: { account_assignments: { Row: { account_id: string; created_at: string; created_by: string; employee_id: string; end_date: string; id: string; month_year: string; notes: string; start_date: string; }; Insert: { ...; }; Update: { ...; }; Relationships: [...]; }; ... 32 more ...; vehicles: { ...; }; }; Views: {}; Functions: { ...; }; Enums: { ...; }; CompositeTypes: {}; }, never, never, never>', gave the following error.
    Argument of type '"salary_slip_templates"' is not assignable to parameter of type 'never'.
services/salarySlipTemplateService.ts(63,19): error TS2353: Object literal may only specify known properties, and 'is_default' does not exist in type '{ account_id?: string; created_at?: string; created_by?: string; employee_id?: string; end_date?: string; id?: string; month_year?: string; notes?: string; start_date?: string; } | { advance_id?: string; ... 5 more ...; status?: "pending" | ... 1 more ... | "deferred"; } | ... 31 more ... | { ...; }'.
services/salarySlipTemplateService.ts(68,13): error TS2769: No overload matches this call.
  Overload 1 of 2, '(relation: "platform_accounts" | "profiles" | "employees" | "advances" | "apps" | "salary_schemes" | "departments" | "positions" | "vehicles" | "account_assignments" | "advance_installments" | ... 22 more ... | "vehicle_mileage_daily"): PostgrestQueryBuilder<...>', gave the following error.
    Argument of type '"salary_slip_templates"' is not assignable to parameter of type '"platform_accounts" | "profiles" | "employees" | "advances" | "apps" | "salary_schemes" | "departments" | "positions" | "vehicles" | "account_assignments" | "advance_installments" | ... 22 more ... | "vehicle_mileage_daily"'.
  Overload 2 of 2, '(relation: never): PostgrestQueryBuilder<{ PostgrestVersion: "14.1"; }, { Tables: { account_assignments: { Row: { account_id: string; created_at: string; created_by: string; employee_id: string; end_date: string; id: string; month_year: string; notes: string; start_date: string; }; Insert: { ...; }; Update: { ...; }; Relationships: [...]; }; ... 32 more ...; vehicles: { ...; }; }; Views: {}; Functions: { ...; }; Enums: { ...; }; CompositeTypes: {}; }, never, never, never>', gave the following error.
    Argument of type '"salary_slip_templates"' is not assignable to parameter of type 'never'.
services/salarySlipTemplateService.ts(75,5): error TS2322: Type '{ action: string; created_at: string; id: string; new_value: Json; old_value: Json; record_id: string; table_name: string; user_id: string; } | { cr_number: string; created_at: string; id: string; name: string; name_en: string; notes: string; } | ... 31 more ... | { ...; }' is not assignable to type 'SalarySlipTemplate'.
  Type '{ action: string; created_at: string; id: string; new_value: Json; old_value: Json; record_id: string; table_name: string; user_id: string; }' is missing the following properties from type 'SalarySlipTemplate': name, header_html, footer_html, selected_columns, is_default
services/salarySlipTemplateService.ts(81,13): error TS2769: No overload matches this call.
  Overload 1 of 2, '(relation: "platform_accounts" | "profiles" | "employees" | "advances" | "apps" | "salary_schemes" | "departments" | "positions" | "vehicles" | "account_assignments" | "advance_installments" | ... 22 more ... | "vehicle_mileage_daily"): PostgrestQueryBuilder<...>', gave the following error.
    Argument of type '"salary_slip_templates"' is not assignable to parameter of type '"platform_accounts" | "profiles" | "employees" | "advances" | "apps" | "salary_schemes" | "departments" | "positions" | "vehicles" | "account_assignments" | "advance_installments" | ... 22 more ... | "vehicle_mileage_daily"'.
  Overload 2 of 2, '(relation: never): PostgrestQueryBuilder<{ PostgrestVersion: "14.1"; }, { Tables: { account_assignments: { Row: { account_id: string; created_at: string; created_by: string; employee_id: string; end_date: string; id: string; month_year: string; notes: string; start_date: string; }; Insert: { ...; }; Update: { ...; }; Relationships: [...]; }; ... 32 more ...; vehicles: { ...; }; }; Views: {}; Functions: { ...; }; Enums: { ...; }; CompositeTypes: {}; }, never, never, never>', gave the following error.
    Argument of type '"salary_slip_templates"' is not assignable to parameter of type 'never'.
services/salarySlipTemplateService.ts(92,13): error TS2769: No overload matches this call.
  Overload 1 of 2, '(relation: "platform_accounts" | "profiles" | "employees" | "advances" | "apps" | "salary_schemes" | "departments" | "positions" | "vehicles" | "account_assignments" | "advance_installments" | ... 22 more ... | "vehicle_mileage_daily"): PostgrestQueryBuilder<...>', gave the following error.
    Argument of type '"salary_slip_templates"' is not assignable to parameter of type '"platform_accounts" | "profiles" | "employees" | "advances" | "apps" | "salary_schemes" | "departments" | "positions" | "vehicles" | "account_assignments" | "advance_installments" | ... 22 more ... | "vehicle_mileage_daily"'.
  Overload 2 of 2, '(relation: never): PostgrestQueryBuilder<{ PostgrestVersion: "14.1"; }, { Tables: { account_assignments: { Row: { account_id: string; created_at: string; created_by: string; employee_id: string; end_date: string; id: string; month_year: string; notes: string; start_date: string; }; Insert: { ...; }; Update: { ...; }; Relationships: [...]; }; ... 32 more ...; vehicles: { ...; }; }; Views: {}; Functions: { ...; }; Enums: { ...; }; CompositeTypes: {}; }, never, never, never>', gave the following error.
    Argument of type '"salary_slip_templates"' is not assignable to parameter of type 'never'.
services/salarySlipTemplateService.ts(93,17): error TS2353: Object literal may only specify known properties, and 'is_default' does not exist in type '{ account_id?: string; created_at?: string; created_by?: string; employee_id?: string; end_date?: string; id?: string; month_year?: string; notes?: string; start_date?: string; } | { advance_id?: string; ... 5 more ...; status?: "pending" | ... 1 more ... | "deferred"; } | ... 31 more ... | { ...; }'.
services/salarySlipTemplateService.ts(97,13): error TS2769: No overload matches this call.
  Overload 1 of 2, '(relation: "platform_accounts" | "profiles" | "employees" | "advances" | "apps" | "salary_schemes" | "departments" | "positions" | "vehicles" | "account_assignments" | "advance_installments" | ... 22 more ... | "vehicle_mileage_daily"): PostgrestQueryBuilder<...>', gave the following error.
    Argument of type '"salary_slip_templates"' is not assignable to parameter of type '"platform_accounts" | "profiles" | "employees" | "advances" | "apps" | "salary_schemes" | "departments" | "positions" | "vehicles" | "account_assignments" | "advance_installments" | ... 22 more ... | "vehicle_mileage_daily"'.
  Overload 2 of 2, '(relation: never): PostgrestQueryBuilder<{ PostgrestVersion: "14.1"; }, { Tables: { account_assignments: { Row: { account_id: string; created_at: string; created_by: string; employee_id: string; end_date: string; id: string; month_year: string; notes: string; start_date: string; }; Insert: { ...; }; Update: { ...; }; Relationships: [...]; }; ... 32 more ...; vehicles: { ...; }; }; Views: {}; Functions: { ...; }; Enums: { ...; }; CompositeTypes: {}; }, never, never, never>', gave the following error.
    Argument of type '"salary_slip_templates"' is not assignable to parameter of type 'never'.
services/salarySlipTemplateService.ts(98,17): error TS2353: Object literal may only specify known properties, and 'is_default' does not exist in type '{ account_id?: string; created_at?: string; created_by?: string; employee_id?: string; end_date?: string; id?: string; month_year?: string; notes?: string; start_date?: string; } | { advance_id?: string; ... 5 more ...; status?: "pending" | ... 1 more ... | "deferred"; } | ... 31 more ... | { ...; }'.
services/shiftService.ts(8,13): error TS2769: No overload matches this call.
  Overload 1 of 2, '(relation: "platform_accounts" | "profiles" | "employees" | "advances" | "apps" | "salary_schemes" | "departments" | "positions" | "vehicles" | "account_assignments" | "advance_installments" | ... 22 more ... | "vehicle_mileage_daily"): PostgrestQueryBuilder<...>', gave the following error.
    Argument of type '"daily_shifts"' is not assignable to parameter of type '"platform_accounts" | "profiles" | "employees" | "advances" | "apps" | "salary_schemes" | "departments" | "positions" | "vehicles" | "account_assignments" | "advance_installments" | ... 22 more ... | "vehicle_mileage_daily"'.
  Overload 2 of 2, '(relation: never): PostgrestQueryBuilder<{ PostgrestVersion: "14.1"; }, { Tables: { account_assignments: { Row: { account_id: string; created_at: string; created_by: string; employee_id: string; end_date: string; id: string; month_year: string; notes: string; start_date: string; }; Insert: { ...; }; Update: { ...; }; Relationships: [...]; }; ... 32 more ...; vehicles: { ...; }; }; Views: {}; Functions: { ...; }; Enums: { ...; }; CompositeTypes: {}; }, never, never, never>', gave the following error.
    Argument of type '"daily_shifts"' is not assignable to parameter of type 'never'.
services/shiftService.ts(20,17): error TS2589: Type instantiation is excessively deep and possibly infinite.
services/shiftService.ts(21,13): error TS2769: No overload matches this call.
  Overload 1 of 2, '(relation: "platform_accounts" | "profiles" | "employees" | "advances" | "apps" | "salary_schemes" | "departments" | "positions" | "vehicles" | "account_assignments" | "advance_installments" | ... 22 more ... | "vehicle_mileage_daily"): PostgrestQueryBuilder<...>', gave the following error.
    Argument of type '"daily_shifts"' is not assignable to parameter of type '"platform_accounts" | "profiles" | "employees" | "advances" | "apps" | "salary_schemes" | "departments" | "positions" | "vehicles" | "account_assignments" | "advance_installments" | ... 22 more ... | "vehicle_mileage_daily"'.
  Overload 2 of 2, '(relation: never): PostgrestQueryBuilder<{ PostgrestVersion: "14.1"; }, { Tables: { account_assignments: { Row: { account_id: string; created_at: string; created_by: string; employee_id: string; end_date: string; id: string; month_year: string; notes: string; start_date: string; }; Insert: { ...; }; Update: { ...; }; Relationships: [...]; }; ... 32 more ...; vehicles: { ...; }; }; Views: {}; Functions: { ...; }; Enums: { ...; }; CompositeTypes: {}; }, never, never, never>', gave the following error.
    Argument of type '"daily_shifts"' is not assignable to parameter of type 'never'.
services/shiftService.ts(27,37): error TS2589: Type instantiation is excessively deep and possibly infinite.
services/shiftService.ts(39,13): error TS2769: No overload matches this call.
  Overload 1 of 2, '(relation: "platform_accounts" | "profiles" | "employees" | "advances" | "apps" | "salary_schemes" | "departments" | "positions" | "vehicles" | "account_assignments" | "advance_installments" | ... 22 more ... | "vehicle_mileage_daily"): PostgrestQueryBuilder<...>', gave the following error.
    Argument of type '"daily_shifts"' is not assignable to parameter of type '"platform_accounts" | "profiles" | "employees" | "advances" | "apps" | "salary_schemes" | "departments" | "positions" | "vehicles" | "account_assignments" | "advance_installments" | ... 22 more ... | "vehicle_mileage_daily"'.
  Overload 2 of 2, '(relation: never): PostgrestQueryBuilder<{ PostgrestVersion: "14.1"; }, { Tables: { account_assignments: { Row: { account_id: string; created_at: string; created_by: string; employee_id: string; end_date: string; id: string; month_year: string; notes: string; start_date: string; }; Insert: { ...; }; Update: { ...; }; Relationships: [...]; }; ... 32 more ...; vehicles: { ...; }; }; Views: {}; Functions: { ...; }; Enums: { ...; }; CompositeTypes: {}; }, never, never, never>', gave the following error.
    Argument of type '"daily_shifts"' is not assignable to parameter of type 'never'.
services/shiftService.ts(49,13): error TS2769: No overload matches this call.
  Overload 1 of 2, '(relation: "platform_accounts" | "profiles" | "employees" | "advances" | "apps" | "salary_schemes" | "departments" | "positions" | "vehicles" | "account_assignments" | "advance_installments" | ... 22 more ... | "vehicle_mileage_daily"): PostgrestQueryBuilder<...>', gave the following error.
    Argument of type '"daily_shifts"' is not assignable to parameter of type '"platform_accounts" | "profiles" | "employees" | "advances" | "apps" | "salary_schemes" | "departments" | "positions" | "vehicles" | "account_assignments" | "advance_installments" | ... 22 more ... | "vehicle_mileage_daily"'.
  Overload 2 of 2, '(relation: never): PostgrestQueryBuilder<{ PostgrestVersion: "14.1"; }, { Tables: { account_assignments: { Row: { account_id: string; created_at: string; created_by: string; employee_id: string; end_date: string; id: string; month_year: string; notes: string; start_date: string; }; Insert: { ...; }; Update: { ...; }; Relationships: [...]; }; ... 32 more ...; vehicles: { ...; }; }; Views: {}; Functions: { ...; }; Enums: { ...; }; CompositeTypes: {}; }, never, never, never>', gave the following error.
    Argument of type '"daily_shifts"' is not assignable to parameter of type 'never'.
services/shiftService.ts(75,15): error TS2769: No overload matches this call.
  Overload 1 of 2, '(relation: "platform_accounts" | "profiles" | "employees" | "advances" | "apps" | "salary_schemes" | "departments" | "positions" | "vehicles" | "account_assignments" | "advance_installments" | ... 22 more ... | "vehicle_mileage_daily"): PostgrestQueryBuilder<...>', gave the following error.
    Argument of type '"daily_shifts"' is not assignable to parameter of type '"platform_accounts" | "profiles" | "employees" | "advances" | "apps" | "salary_schemes" | "departments" | "positions" | "vehicles" | "account_assignments" | "advance_installments" | ... 22 more ... | "vehicle_mileage_daily"'.
  Overload 2 of 2, '(relation: never): PostgrestQueryBuilder<{ PostgrestVersion: "14.1"; }, { Tables: { account_assignments: { Row: { account_id: string; created_at: string; created_by: string; employee_id: string; end_date: string; id: string; month_year: string; notes: string; start_date: string; }; Insert: { ...; }; Update: { ...; }; Relationships: [...]; }; ... 32 more ...; vehicles: { ...; }; }; Views: {}; Functions: { ...; }; Enums: { ...; }; CompositeTypes: {}; }, never, never, never>', gave the following error.
    Argument of type '"daily_shifts"' is not assignable to parameter of type 'never'.
services/shiftService.ts(84,43): error TS2769: No overload matches this call.
  Overload 1 of 2, '(relation: "platform_accounts" | "profiles" | "employees" | "advances" | "apps" | "salary_schemes" | "departments" | "positions" | "vehicles" | "account_assignments" | "advance_installments" | ... 22 more ... | "vehicle_mileage_daily"): PostgrestQueryBuilder<...>', gave the following error.
    Argument of type '"daily_shifts"' is not assignable to parameter of type '"platform_accounts" | "profiles" | "employees" | "advances" | "apps" | "salary_schemes" | "departments" | "positions" | "vehicles" | "account_assignments" | "advance_installments" | ... 22 more ... | "vehicle_mileage_daily"'.
  Overload 2 of 2, '(relation: never): PostgrestQueryBuilder<{ PostgrestVersion: "14.1"; }, { Tables: { account_assignments: { Row: { account_id: string; created_at: string; created_by: string; employee_id: string; end_date: string; id: string; month_year: string; notes: string; start_date: string; }; Insert: { ...; }; Update: { ...; }; Relationships: [...]; }; ... 32 more ...; vehicles: { ...; }; }; Views: {}; Functions: { ...; }; Enums: { ...; }; CompositeTypes: {}; }, never, never, never>', gave the following error.
    Argument of type '"daily_shifts"' is not assignable to parameter of type 'never'.
services/shiftService.ts(94,13): error TS2769: No overload matches this call.
  Overload 1 of 2, '(relation: "platform_accounts" | "profiles" | "employees" | "advances" | "apps" | "salary_schemes" | "departments" | "positions" | "vehicles" | "account_assignments" | "advance_installments" | ... 22 more ... | "vehicle_mileage_daily"): PostgrestQueryBuilder<...>', gave the following error.
    Argument of type '"daily_shifts"' is not assignable to parameter of type '"platform_accounts" | "profiles" | "employees" | "advances" | "apps" | "salary_schemes" | "departments" | "positions" | "vehicles" | "account_assignments" | "advance_installments" | ... 22 more ... | "vehicle_mileage_daily"'.
  Overload 2 of 2, '(relation: never): PostgrestQueryBuilder<{ PostgrestVersion: "14.1"; }, { Tables: { account_assignments: { Row: { account_id: string; created_at: string; created_by: string; employee_id: string; end_date: string; id: string; month_year: string; notes: string; start_date: string; }; Insert: { ...; }; Update: { ...; }; Relationships: [...]; }; ... 32 more ...; vehicles: { ...; }; }; Views: {}; Functions: { ...; }; Enums: { ...; }; CompositeTypes: {}; }, never, never, never>', gave the following error.
    Argument of type '"daily_shifts"' is not assignable to parameter of type 'never'.
services/shiftService.ts(101,50): error TS2339: Property 'hours_worked' does not exist on type 'SelectQueryError<"column 'hours_worked' does not exist on 'platform_accounts'."> | SelectQueryError<"column 'hours_worked' does not exist on 'profiles'."> | ... 31 more ... | SelectQueryError<...>'.
  Property 'hours_worked' does not exist on type 'SelectQueryError<"column 'hours_worked' does not exist on 'platform_accounts'.">'.
services/userPermissionService.ts(65,68): error TS2322: Type 'string' is not assignable to type '"admin" | "hr" | "finance" | "operations" | "viewer"'.
services/userPermissionService.ts(69,57): error TS2769: No overload matches this call.
  Overload 1 of 2, '(values: { id?: string; role: "admin" | "hr" | "finance" | "operations" | "viewer"; user_id: string; }, options?: { count?: "exact" | "planned" | "estimated"; }): PostgrestFilterBuilder<{ PostgrestVersion: "14.1"; }, ... 5 more ..., "POST">', gave the following error.
    Type 'string' is not assignable to type '"admin" | "hr" | "finance" | "operations" | "viewer"'.
  Overload 2 of 2, '(values: { id?: string; role: "admin" | "hr" | "finance" | "operations" | "viewer"; user_id: string; }[], options?: { count?: "exact" | "planned" | "estimated"; defaultToNull?: boolean; }): PostgrestFilterBuilder<...>', gave the following error.
    Object literal may only specify known properties, and 'user_id' does not exist in type '{ id?: string; role: "admin" | "hr" | "finance" | "operations" | "viewer"; user_id: string; }[]'.
services/vehicleService.ts(85,15): error TS2769: No overload matches this call.
  Overload 1 of 2, '(values: { authorization_expiry?: string; brand?: string; chassis_number?: string; created_at?: string; has_fuel_chip?: boolean; id?: string; insurance_expiry?: string; model?: string; notes?: string; plate_number: string; ... 6 more ...; year?: number; }, options?: { ...; }): PostgrestFilterBuilder<...>', gave the following error.
    Argument of type 'VehiclePayload' is not assignable to parameter of type '{ authorization_expiry?: string; brand?: string; chassis_number?: string; created_at?: string; has_fuel_chip?: boolean; id?: string; insurance_expiry?: string; model?: string; notes?: string; plate_number: string; ... 6 more ...; year?: number; }'.
      Types of property 'status' are incompatible.
        Type 'string' is not assignable to type '"active" | "inactive" | "ended" | "breakdown" | "maintenance" | "rental"'.
  Overload 2 of 2, '(values: { authorization_expiry?: string; brand?: string; chassis_number?: string; created_at?: string; has_fuel_chip?: boolean; id?: string; insurance_expiry?: string; model?: string; notes?: string; plate_number: string; ... 6 more ...; year?: number; }[], options?: { ...; }): PostgrestFilterBuilder<...>', gave the following error.
    Argument of type 'VehiclePayload' is not assignable to parameter of type '{ authorization_expiry?: string; brand?: string; chassis_number?: string; created_at?: string; has_fuel_chip?: boolean; id?: string; insurance_expiry?: string; model?: string; notes?: string; plate_number: string; ... 6 more ...; year?: number; }[]'.
      Type 'VehiclePayload' is missing the following properties from type '{ authorization_expiry?: string; brand?: string; chassis_number?: string; created_at?: string; has_fuel_chip?: boolean; id?: string; insurance_expiry?: string; model?: string; notes?: string; plate_number: string; ... 6 more ...; year?: number; }[]': length, pop, push, concat, and 29 more.
services/vehicleService.ts(95,15): error TS2345: Argument of type 'Partial<VehiclePayload>' is not assignable to parameter of type '{ authorization_expiry?: string; brand?: string; chassis_number?: string; created_at?: string; has_fuel_chip?: boolean; id?: string; insurance_expiry?: string; model?: string; notes?: string; plate_number?: string; ... 6 more ...; year?: number; }'.
  Types of property 'status' are incompatible.
    Type 'string' is not assignable to type '"active" | "inactive" | "ended" | "breakdown" | "maintenance" | "rental"'.
services/vehicleService.ts(106,15): error TS2769: No overload matches this call.
  Overload 1 of 2, '(values: { authorization_expiry?: string; brand?: string; chassis_number?: string; created_at?: string; has_fuel_chip?: boolean; id?: string; insurance_expiry?: string; model?: string; notes?: string; plate_number: string; ... 6 more ...; year?: number; }, options?: { ...; }): PostgrestFilterBuilder<...>', gave the following error.
    Argument of type 'Partial<VehiclePayload> & { plate_number: string; }' is not assignable to parameter of type '{ authorization_expiry?: string; brand?: string; chassis_number?: string; created_at?: string; has_fuel_chip?: boolean; id?: string; insurance_expiry?: string; model?: string; notes?: string; plate_number: string; ... 6 more ...; year?: number; }'.
      Types of property 'status' are incompatible.
        Type 'string' is not assignable to type '"active" | "inactive" | "ended" | "breakdown" | "maintenance" | "rental"'.
  Overload 2 of 2, '(values: { authorization_expiry?: string; brand?: string; chassis_number?: string; created_at?: string; has_fuel_chip?: boolean; id?: string; insurance_expiry?: string; model?: string; notes?: string; plate_number: string; ... 6 more ...; year?: number; }[], options?: { ...; }): PostgrestFilterBuilder<...>', gave the following error.
    Argument of type 'Partial<VehiclePayload> & { plate_number: string; }' is not assignable to parameter of type '{ authorization_expiry?: string; brand?: string; chassis_number?: string; created_at?: string; has_fuel_chip?: boolean; id?: string; insurance_expiry?: string; model?: string; notes?: string; plate_number: string; ... 6 more ...; year?: number; }[]'.
      Type 'Partial<VehiclePayload> & { plate_number: string; }' is missing the following properties from type '{ authorization_expiry?: string; brand?: string; chassis_number?: string; created_at?: string; has_fuel_chip?: boolean; id?: string; insurance_expiry?: string; model?: string; notes?: string; plate_number: string; ... 6 more ...; year?: number; }[]': length, pop, push, concat, and 29 more.
services/violationService.ts(57,79): error TS2769: No overload matches this call.
  Overload 1 of 2, '(values: { amount: number; apply_month: string; approval_status?: "pending" | "approved" | "rejected"; approved_by?: string; created_at?: string; employee_id: string; id?: string; incident_date?: string; linked_advance_id?: string; note?: string; source_app_id?: string; type?: "fine" | ... 3 more ... | "other"; }, options?: { ...; }): PostgrestFilterBuilder<...>', gave the following error.
    Argument of type 'Record<string, unknown>' is not assignable to parameter of type '{ amount: number; apply_month: string; approval_status?: "pending" | "approved" | "rejected"; approved_by?: string; created_at?: string; employee_id: string; id?: string; incident_date?: string; linked_advance_id?: string; note?: string; source_app_id?: string; type?: "fine" | ... 3 more ... | "other"; }'.
      Type 'Record<string, unknown>' is missing the following properties from type '{ amount: number; apply_month: string; approval_status?: "pending" | "approved" | "rejected"; approved_by?: string; created_at?: string; employee_id: string; id?: string; incident_date?: string; linked_advance_id?: string; note?: string; source_app_id?: string; type?: "fine" | ... 3 more ... | "other"; }': amount, apply_month, employee_id
  Overload 2 of 2, '(values: { amount: number; apply_month: string; approval_status?: "pending" | "approved" | "rejected"; approved_by?: string; created_at?: string; employee_id: string; id?: string; incident_date?: string; linked_advance_id?: string; note?: string; source_app_id?: string; type?: "fine" | ... 3 more ... | "other"; }[], options?: { ...; }): PostgrestFilterBuilder<...>', gave the following error.
    Argument of type 'Record<string, unknown>' is not assignable to parameter of type '{ amount: number; apply_month: string; approval_status?: "pending" | "approved" | "rejected"; approved_by?: string; created_at?: string; employee_id: string; id?: string; incident_date?: string; linked_advance_id?: string; note?: string; source_app_id?: string; type?: "fine" | ... 3 more ... | "other"; }[]'.
      Type 'Record<string, unknown>' is missing the following properties from type '{ amount: number; apply_month: string; approval_status?: "pending" | "approved" | "rejected"; approved_by?: string; created_at?: string; employee_id: string; id?: string; incident_date?: string; linked_advance_id?: string; note?: string; source_app_id?: string; type?: "fine" | ... 3 more ... | "other"; }[]': length, pop, push, concat, and 29 more.
services/violationService.ts(87,68): error TS2769: No overload matches this call.
  Overload 1 of 2, '(values: { amount: number; approved_by?: string; created_at?: string; disbursement_date?: string; employee_id: string; first_deduction_month: string; id?: string; is_written_off?: boolean; monthly_amount: number; ... 5 more ...; written_off_reason?: string; }, options?: { ...; }): PostgrestFilterBuilder<...>', gave the following error.
    Argument of type 'Record<string, unknown>' is not assignable to parameter of type '{ amount: number; approved_by?: string; created_at?: string; disbursement_date?: string; employee_id: string; first_deduction_month: string; id?: string; is_written_off?: boolean; monthly_amount: number; ... 5 more ...; written_off_reason?: string; }'.
      Type 'Record<string, unknown>' is missing the following properties from type '{ amount: number; approved_by?: string; created_at?: string; disbursement_date?: string; employee_id: string; first_deduction_month: string; id?: string; is_written_off?: boolean; monthly_amount: number; ... 5 more ...; written_off_reason?: string; }': amount, employee_id, first_deduction_month, monthly_amount
  Overload 2 of 2, '(values: { amount: number; approved_by?: string; created_at?: string; disbursement_date?: string; employee_id: string; first_deduction_month: string; id?: string; is_written_off?: boolean; monthly_amount: number; ... 5 more ...; written_off_reason?: string; }[], options?: { ...; }): PostgrestFilterBuilder<...>', gave the following error.
    Argument of type 'Record<string, unknown>' is not assignable to parameter of type '{ amount: number; approved_by?: string; created_at?: string; disbursement_date?: string; employee_id: string; first_deduction_month: string; id?: string; is_written_off?: boolean; monthly_amount: number; ... 5 more ...; written_off_reason?: string; }[]'.
      Type 'Record<string, unknown>' is missing the following properties from type '{ amount: number; approved_by?: string; created_at?: string; disbursement_date?: string; employee_id: string; first_deduction_month: string; id?: string; is_written_off?: boolean; monthly_amount: number; ... 5 more ...; written_off_reason?: string; }[]': length, pop, push, concat, and 29 more.
services/violationService.ts(93,74): error TS2769: No overload matches this call.
  Overload 1 of 2, '(values: { advance_id: string; amount: number; deducted_at?: string; id?: string; month_year: string; notes?: string; status?: "pending" | "deducted" | "deferred"; }, options?: { count?: "exact" | "planned" | "estimated"; }): PostgrestFilterBuilder<...>', gave the following error.
    Argument of type 'Record<string, unknown>' is not assignable to parameter of type '{ advance_id: string; amount: number; deducted_at?: string; id?: string; month_year: string; notes?: string; status?: "pending" | "deducted" | "deferred"; }'.
      Type 'Record<string, unknown>' is missing the following properties from type '{ advance_id: string; amount: number; deducted_at?: string; id?: string; month_year: string; notes?: string; status?: "pending" | "deducted" | "deferred"; }': advance_id, amount, month_year
  Overload 2 of 2, '(values: { advance_id: string; amount: number; deducted_at?: string; id?: string; month_year: string; notes?: string; status?: "pending" | "deducted" | "deferred"; }[], options?: { count?: "exact" | "planned" | "estimated"; defaultToNull?: boolean; }): PostgrestFilterBuilder<...>', gave the following error.
    Argument of type 'Record<string, unknown>' is not assignable to parameter of type '{ advance_id: string; amount: number; deducted_at?: string; id?: string; month_year: string; notes?: string; status?: "pending" | "deducted" | "deferred"; }[]'.
      Type 'Record<string, unknown>' is missing the following properties from type '{ advance_id: string; amount: number; deducted_at?: string; id?: string; month_year: string; notes?: string; status?: "pending" | "deducted" | "deferred"; }[]': length, pop, push, concat, and 29 more.
shared/components/AppSidebar.tsx(89,3): error TS2322: Type 'ForwardRefExoticComponent<Omit<LucideProps, "ref"> & RefAttributes<SVGSVGElement>>' is not assignable to type 'ComponentType<{ size?: number; className?: string; }>'.
  Type 'ForwardRefExoticComponent<Omit<LucideProps, "ref"> & RefAttributes<SVGSVGElement>>' is not assignable to type 'FunctionComponent<{ size?: number; className?: string; }>'.
    The types of 'propTypes.size' are incompatible between these types.
      Type 'Validator<string | number>' is not assignable to type 'Validator<number>'.
        Type 'string | number' is not assignable to type 'number'.
          Type 'string' is not assignable to type 'number'.
shared/components/AppSidebar.tsx(90,3): error TS2322: Type 'ForwardRefExoticComponent<Omit<LucideProps, "ref"> & RefAttributes<SVGSVGElement>>' is not assignable to type 'ComponentType<{ size?: number; className?: string; }>'.
  Type 'ForwardRefExoticComponent<Omit<LucideProps, "ref"> & RefAttributes<SVGSVGElement>>' is not assignable to type 'FunctionComponent<{ size?: number; className?: string; }>'.
    The types of 'propTypes.size' are incompatible between these types.
      Type 'Validator<string | number>' is not assignable to type 'Validator<number>'.
        Type 'string | number' is not assignable to type 'number'.
          Type 'string' is not assignable to type 'number'.
shared/components/AppSidebar.tsx(91,3): error TS2322: Type 'ForwardRefExoticComponent<Omit<LucideProps, "ref"> & RefAttributes<SVGSVGElement>>' is not assignable to type 'ComponentType<{ size?: number; className?: string; }>'.
  Type 'ForwardRefExoticComponent<Omit<LucideProps, "ref"> & RefAttributes<SVGSVGElement>>' is not assignable to type 'FunctionComponent<{ size?: number; className?: string; }>'.
    The types of 'propTypes.size' are incompatible between these types.
      Type 'Validator<string | number>' is not assignable to type 'Validator<number>'.
        Type 'string | number' is not assignable to type 'number'.
          Type 'string' is not assignable to type 'number'.
shared/components/AppSidebar.tsx(92,3): error TS2322: Type 'ForwardRefExoticComponent<Omit<LucideProps, "ref"> & RefAttributes<SVGSVGElement>>' is not assignable to type 'ComponentType<{ size?: number; className?: string; }>'.
  Type 'ForwardRefExoticComponent<Omit<LucideProps, "ref"> & RefAttributes<SVGSVGElement>>' is not assignable to type 'FunctionComponent<{ size?: number; className?: string; }>'.
    The types of 'propTypes.size' are incompatible between these types.
      Type 'Validator<string | number>' is not assignable to type 'Validator<number>'.
        Type 'string | number' is not assignable to type 'number'.
          Type 'string' is not assignable to type 'number'.
shared/components/AppSidebar.tsx(93,3): error TS2322: Type 'ForwardRefExoticComponent<Omit<LucideProps, "ref"> & RefAttributes<SVGSVGElement>>' is not assignable to type 'ComponentType<{ size?: number; className?: string; }>'.
  Type 'ForwardRefExoticComponent<Omit<LucideProps, "ref"> & RefAttributes<SVGSVGElement>>' is not assignable to type 'FunctionComponent<{ size?: number; className?: string; }>'.
    The types of 'propTypes.size' are incompatible between these types.
      Type 'Validator<string | number>' is not assignable to type 'Validator<number>'.
        Type 'string | number' is not assignable to type 'number'.
          Type 'string' is not assignable to type 'number'.
shared/components/AppSidebar.tsx(94,3): error TS2322: Type 'ForwardRefExoticComponent<Omit<LucideProps, "ref"> & RefAttributes<SVGSVGElement>>' is not assignable to type 'ComponentType<{ size?: number; className?: string; }>'.
  Type 'ForwardRefExoticComponent<Omit<LucideProps, "ref"> & RefAttributes<SVGSVGElement>>' is not assignable to type 'FunctionComponent<{ size?: number; className?: string; }>'.
    The types of 'propTypes.size' are incompatible between these types.
      Type 'Validator<string | number>' is not assignable to type 'Validator<number>'.
        Type 'string | number' is not assignable to type 'number'.
          Type 'string' is not assignable to type 'number'.
shared/components/AppSidebar.tsx(95,3): error TS2322: Type 'ForwardRefExoticComponent<Omit<LucideProps, "ref"> & RefAttributes<SVGSVGElement>>' is not assignable to type 'ComponentType<{ size?: number; className?: string; }>'.
  Type 'ForwardRefExoticComponent<Omit<LucideProps, "ref"> & RefAttributes<SVGSVGElement>>' is not assignable to type 'FunctionComponent<{ size?: number; className?: string; }>'.
    The types of 'propTypes.size' are incompatible between these types.
      Type 'Validator<string | number>' is not assignable to type 'Validator<number>'.
        Type 'string | number' is not assignable to type 'number'.
          Type 'string' is not assignable to type 'number'.
shared/components/AppSidebar.tsx(96,3): error TS2322: Type 'ForwardRefExoticComponent<Omit<LucideProps, "ref"> & RefAttributes<SVGSVGElement>>' is not assignable to type 'ComponentType<{ size?: number; className?: string; }>'.
  Type 'ForwardRefExoticComponent<Omit<LucideProps, "ref"> & RefAttributes<SVGSVGElement>>' is not assignable to type 'FunctionComponent<{ size?: number; className?: string; }>'.
    The types of 'propTypes.size' are incompatible between these types.
      Type 'Validator<string | number>' is not assignable to type 'Validator<number>'.
        Type 'string | number' is not assignable to type 'number'.
          Type 'string' is not assignable to type 'number'.
shared/components/AppSidebar.tsx(97,3): error TS2322: Type 'ForwardRefExoticComponent<Omit<LucideProps, "ref"> & RefAttributes<SVGSVGElement>>' is not assignable to type 'ComponentType<{ size?: number; className?: string; }>'.
  Type 'ForwardRefExoticComponent<Omit<LucideProps, "ref"> & RefAttributes<SVGSVGElement>>' is not assignable to type 'FunctionComponent<{ size?: number; className?: string; }>'.
    The types of 'propTypes.size' are incompatible between these types.
      Type 'Validator<string | number>' is not assignable to type 'Validator<number>'.
        Type 'string | number' is not assignable to type 'number'.
          Type 'string' is not assignable to type 'number'.
shared/components/AppSidebar.tsx(98,3): error TS2322: Type 'ForwardRefExoticComponent<Omit<LucideProps, "ref"> & RefAttributes<SVGSVGElement>>' is not assignable to type 'ComponentType<{ size?: number; className?: string; }>'.
  Type 'ForwardRefExoticComponent<Omit<LucideProps, "ref"> & RefAttributes<SVGSVGElement>>' is not assignable to type 'FunctionComponent<{ size?: number; className?: string; }>'.
    The types of 'propTypes.size' are incompatible between these types.
      Type 'Validator<string | number>' is not assignable to type 'Validator<number>'.
        Type 'string | number' is not assignable to type 'number'.
          Type 'string' is not assignable to type 'number'.
shared/components/AppSidebar.tsx(99,3): error TS2322: Type 'ForwardRefExoticComponent<Omit<LucideProps, "ref"> & RefAttributes<SVGSVGElement>>' is not assignable to type 'ComponentType<{ size?: number; className?: string; }>'.
  Type 'ForwardRefExoticComponent<Omit<LucideProps, "ref"> & RefAttributes<SVGSVGElement>>' is not assignable to type 'FunctionComponent<{ size?: number; className?: string; }>'.
    The types of 'propTypes.size' are incompatible between these types.
      Type 'Validator<string | number>' is not assignable to type 'Validator<number>'.
        Type 'string | number' is not assignable to type 'number'.
          Type 'string' is not assignable to type 'number'.
shared/components/AppSidebar.tsx(100,3): error TS2322: Type 'ForwardRefExoticComponent<Omit<LucideProps, "ref"> & RefAttributes<SVGSVGElement>>' is not assignable to type 'ComponentType<{ size?: number; className?: string; }>'.
  Type 'ForwardRefExoticComponent<Omit<LucideProps, "ref"> & RefAttributes<SVGSVGElement>>' is not assignable to type 'FunctionComponent<{ size?: number; className?: string; }>'.
    The types of 'propTypes.size' are incompatible between these types.
      Type 'Validator<string | number>' is not assignable to type 'Validator<number>'.
        Type 'string | number' is not assignable to type 'number'.
          Type 'string' is not assignable to type 'number'.
shared/components/AppSidebar.tsx(101,3): error TS2322: Type 'ForwardRefExoticComponent<Omit<LucideProps, "ref"> & RefAttributes<SVGSVGElement>>' is not assignable to type 'ComponentType<{ size?: number; className?: string; }>'.
  Type 'ForwardRefExoticComponent<Omit<LucideProps, "ref"> & RefAttributes<SVGSVGElement>>' is not assignable to type 'FunctionComponent<{ size?: number; className?: string; }>'.
    The types of 'propTypes.size' are incompatible between these types.
      Type 'Validator<string | number>' is not assignable to type 'Validator<number>'.
        Type 'string | number' is not assignable to type 'number'.
          Type 'string' is not assignable to type 'number'.
shared/components/AppSidebar.tsx(102,3): error TS2322: Type 'ForwardRefExoticComponent<Omit<LucideProps, "ref"> & RefAttributes<SVGSVGElement>>' is not assignable to type 'ComponentType<{ size?: number; className?: string; }>'.
  Type 'ForwardRefExoticComponent<Omit<LucideProps, "ref"> & RefAttributes<SVGSVGElement>>' is not assignable to type 'FunctionComponent<{ size?: number; className?: string; }>'.
    The types of 'propTypes.size' are incompatible between these types.
      Type 'Validator<string | number>' is not assignable to type 'Validator<number>'.
        Type 'string | number' is not assignable to type 'number'.
          Type 'string' is not assignable to type 'number'.
shared/components/AppSidebar.tsx(103,3): error TS2322: Type 'ForwardRefExoticComponent<Omit<LucideProps, "ref"> & RefAttributes<SVGSVGElement>>' is not assignable to type 'ComponentType<{ size?: number; className?: string; }>'.
  Type 'ForwardRefExoticComponent<Omit<LucideProps, "ref"> & RefAttributes<SVGSVGElement>>' is not assignable to type 'FunctionComponent<{ size?: number; className?: string; }>'.
    The types of 'propTypes.size' are incompatible between these types.
      Type 'Validator<string | number>' is not assignable to type 'Validator<number>'.
        Type 'string | number' is not assignable to type 'number'.
          Type 'string' is not assignable to type 'number'.
shared/components/AppSidebar.tsx(104,3): error TS2322: Type 'ForwardRefExoticComponent<Omit<LucideProps, "ref"> & RefAttributes<SVGSVGElement>>' is not assignable to type 'ComponentType<{ size?: number; className?: string; }>'.
  Type 'ForwardRefExoticComponent<Omit<LucideProps, "ref"> & RefAttributes<SVGSVGElement>>' is not assignable to type 'FunctionComponent<{ size?: number; className?: string; }>'.
    The types of 'propTypes.size' are incompatible between these types.
      Type 'Validator<string | number>' is not assignable to type 'Validator<number>'.
        Type 'string | number' is not assignable to type 'number'.
          Type 'string' is not assignable to type 'number'.
shared/components/AppSidebar.tsx(105,3): error TS2322: Type 'ForwardRefExoticComponent<Omit<LucideProps, "ref"> & RefAttributes<SVGSVGElement>>' is not assignable to type 'ComponentType<{ size?: number; className?: string; }>'.
  Type 'ForwardRefExoticComponent<Omit<LucideProps, "ref"> & RefAttributes<SVGSVGElement>>' is not assignable to type 'FunctionComponent<{ size?: number; className?: string; }>'.
    The types of 'propTypes.size' are incompatible between these types.
      Type 'Validator<string | number>' is not assignable to type 'Validator<number>'.
        Type 'string | number' is not assignable to type 'number'.
          Type 'string' is not assignable to type 'number'.
shared/components/AppSidebar.tsx(369,23): error TS2322: Type '{ label: string; icon: ComponentType<{ size?: number; className?: string; }> | ForwardRefExoticComponent<Omit<LucideProps, "ref"> & RefAttributes<SVGSVGElement>>; path: string; }' is not assignable to type 'SidebarNavItemData'.
  Types of property 'icon' are incompatible.
    Type 'ComponentType<{ size?: number; className?: string; }> | ForwardRefExoticComponent<Omit<LucideProps, "ref"> & RefAttributes<SVGSVGElement>>' is not assignable to type 'ComponentType<{ size?: number; className?: string; }>'.
      Type 'ForwardRefExoticComponent<Omit<LucideProps, "ref"> & RefAttributes<SVGSVGElement>>' is not assignable to type 'ComponentType<{ size?: number; className?: string; }>'.
        Type 'ForwardRefExoticComponent<Omit<LucideProps, "ref"> & RefAttributes<SVGSVGElement>>' is not assignable to type 'FunctionComponent<{ size?: number; className?: string; }>'.
          The types of 'propTypes.size' are incompatible between these types.
            Type 'Validator<string | number>' is not assignable to type 'Validator<number>'.
              Type 'string | number' is not assignable to type 'number'.
                Type 'string' is not assignable to type 'number'.
shared/components/AppSidebar.tsx(421,25): error TS2322: Type '{ label: string; icon: ComponentType<{ size?: number; className?: string; }> | ForwardRefExoticComponent<Omit<LucideProps, "ref"> & RefAttributes<SVGSVGElement>>; path: string; }' is not assignable to type 'SidebarNavItemData'.
  Types of property 'icon' are incompatible.
    Type 'ComponentType<{ size?: number; className?: string; }> | ForwardRefExoticComponent<Omit<LucideProps, "ref"> & RefAttributes<SVGSVGElement>>' is not assignable to type 'ComponentType<{ size?: number; className?: string; }>'.
      Type 'ForwardRefExoticComponent<Omit<LucideProps, "ref"> & RefAttributes<SVGSVGElement>>' is not assignable to type 'ComponentType<{ size?: number; className?: string; }>'.
        Type 'ForwardRefExoticComponent<Omit<LucideProps, "ref"> & RefAttributes<SVGSVGElement>>' is not assignable to type 'FunctionComponent<{ size?: number; className?: string; }>'.
          The types of 'propTypes.size' are incompatible between these types.
            Type 'Validator<string | number>' is not assignable to type 'Validator<number>'.
              Type 'string | number' is not assignable to type 'number'.
                Type 'string' is not assignable to type 'number'.
shared/components/orders/OrdersCellPopover.tsx(58,20): error TS2352: Conversion of type '{ vals: Record<string, string>; }' to type '{ vals?: Record<string, number>; }' may be a mistake because neither type sufficiently overlaps with the other. If this was intentional, convert the expression to 'unknown' first.
  Types of property 'vals' are incompatible.
    Type 'Record<string, string>' is not comparable to type 'Record<string, number>'.
      'string' index signatures are incompatible.
        Type 'string' is not comparable to type 'number'.
shared/components/orders/OrdersCellPopover.tsx(85,11): error TS2352: Conversion of type '{ vals: Record<string, string>; }' to type '{ vals?: Record<string, number>; }' may be a mistake because neither type sufficiently overlaps with the other. If this was intentional, convert the expression to 'unknown' first.
  Types of property 'vals' are incompatible.
    Type 'Record<string, string>' is not comparable to type 'Record<string, number>'.
      'string' index signatures are incompatible.
        Type 'string' is not comparable to type 'number'.
shared/components/orders/OrdersGridTable.tsx(206,53): error TS2339: Property 'cellBg' does not exist on type '{ bg: string; text: string; solid: string; solidText: string; }'.
shared/components/orders/OrdersSummaryTable.tsx(106,137): error TS2339: Property 'val' does not exist on type '{ bg: string; text: string; solid: string; solidText: string; }'.
shared/components/orders/OrdersSummaryTable.tsx(127,116): error TS2339: Property 'val' does not exist on type '{ bg: string; text: string; solid: string; solidText: string; }'.
shared/hooks/useAlerts.test.tsx(76,34): error TS2339: Property 'message' does not exist on type 'unknown'.
shared/hooks/useAlerts.ts(40,9): error TS2345: Argument of type '{ data: unknown[]; error: { message?: string; }; }' is not assignable to parameter of type '{ data: VehicleExpiryRow[]; }'.
  Types of property 'data' are incompatible.
    Type 'unknown[]' is not assignable to type 'VehicleExpiryRow[]'.
      Type '{}' is missing the following properties from type 'VehicleExpiryRow': id, plate_number, insurance_expiry, authorization_expiry
shared/hooks/useAppColors.test.tsx(57,52): error TS2352: Conversion of type '({ id: string; name: string; brand_color: string; text_color: null; is_active: boolean; custom_columns: { key: string; label: string; }[]; } | { id: string; name: string; brand_color: string; text_color: string; is_active: boolean; custom_columns: null; })[]' to type 'SelectQueryError<"column 'work_type' does not exist on 'apps'.">[]' may be a mistake because neither type sufficiently overlaps with the other. If this was intentional, convert the expression to 'unknown' first.
  Type '{ id: string; name: string; brand_color: string; text_color: null; is_active: boolean; custom_columns: { key: string; label: string; }[]; } | { id: string; name: string; brand_color: string; text_color: string; is_active: boolean; custom_columns: null; }' is not comparable to type 'SelectQueryError<"column 'work_type' does not exist on 'apps'.">'.
    Type '{ id: string; name: string; brand_color: string; text_color: string; is_active: boolean; custom_columns: null; }' is not comparable to type 'SelectQueryError<"column 'work_type' does not exist on 'apps'.">'.
      Property 'error' is missing in type '{ id: string; name: string; brand_color: string; text_color: string; is_active: boolean; custom_columns: null; }' but required in type '{ error: true; }'.
shared/hooks/useAppColors.ts(70,17): error TS2339: Property 'id' does not exist on type 'SelectQueryError<"column 'work_type' does not exist on 'apps'.">'.
shared/hooks/useAppColors.ts(71,19): error TS2339: Property 'name' does not exist on type 'SelectQueryError<"column 'work_type' does not exist on 'apps'.">'.
shared/hooks/useAppColors.ts(72,26): error TS2339: Property 'brand_color' does not exist on type 'SelectQueryError<"column 'work_type' does not exist on 'apps'.">'.
shared/hooks/useAppColors.ts(73,25): error TS2339: Property 'text_color' does not exist on type 'SelectQueryError<"column 'work_type' does not exist on 'apps'.">'.
shared/hooks/useAppColors.ts(74,24): error TS2339: Property 'is_active' does not exist on type 'SelectQueryError<"column 'work_type' does not exist on 'apps'.">'.
shared/hooks/useAppColors.ts(75,52): error TS2339: Property 'custom_columns' does not exist on type 'SelectQueryError<"column 'work_type' does not exist on 'apps'.">'.
shared/hooks/useAppsData.test.tsx(56,52): error TS2352: Conversion of type '{ id: string; name: string; name_en: null; brand_color: string; text_color: string; is_active: boolean; custom_columns: undefined[]; }[]' to type 'SelectQueryError<"column 'work_type' does not exist on 'apps'.">[]' may be a mistake because neither type sufficiently overlaps with the other. If this was intentional, convert the expression to 'unknown' first.
  Type '{ id: string; name: string; name_en: null; brand_color: string; text_color: string; is_active: boolean; custom_columns: undefined[]; }' is not comparable to type 'SelectQueryError<"column 'work_type' does not exist on 'apps'.">'.
    Property 'error' is missing in type '{ id: string; name: string; name_en: null; brand_color: string; text_color: string; is_active: boolean; custom_columns: undefined[]; }' but required in type '{ error: true; }'.
shared/hooks/useAppsData.ts(26,70): error TS2339: Property 'id' does not exist on type 'SelectQueryError<"column 'work_type' does not exist on 'apps'.">'.
shared/hooks/useAppsData.ts(28,21): error TS2339: Property 'id' does not exist on type 'SelectQueryError<"column 'work_type' does not exist on 'apps'.">'.
shared/hooks/useAppsData.ts(29,23): error TS2339: Property 'name' does not exist on type 'SelectQueryError<"column 'work_type' does not exist on 'apps'.">'.
shared/hooks/useAppsData.ts(30,26): error TS2339: Property 'name_en' does not exist on type 'SelectQueryError<"column 'work_type' does not exist on 'apps'.">'.
shared/hooks/useAppsData.ts(31,30): error TS2339: Property 'brand_color' does not exist on type 'SelectQueryError<"column 'work_type' does not exist on 'apps'.">'.
shared/hooks/useAppsData.ts(32,29): error TS2339: Property 'text_color' does not exist on type 'SelectQueryError<"column 'work_type' does not exist on 'apps'.">'.
shared/hooks/useAppsData.ts(33,28): error TS2339: Property 'is_active' does not exist on type 'SelectQueryError<"column 'work_type' does not exist on 'apps'.">'.
shared/hooks/useAppsData.ts(35,34): error TS2339: Property 'custom_columns' does not exist on type 'SelectQueryError<"column 'work_type' does not exist on 'apps'.">'.
shared/hooks/useAuthedPagedQuery.ts(29,12): error TS2769: No overload matches this call.
  Overload 1 of 3, '(options: DefinedInitialDataOptions<TData, Error, TData, TQueryKey>, queryClient?: QueryClient): DefinedUseQueryResult<...>', gave the following error.
    Type '(failureCount: number, error: ErrorLike) => boolean' is not assignable to type 'RetryValue<Error>'.
      Type '(failureCount: number, error: ErrorLike) => boolean' is not assignable to type 'ShouldRetryFunction<Error>'.
        Types of parameters 'error' and 'error' are incompatible.
          Type 'Error' has no properties in common with type '{ status?: number; }'.
  Overload 2 of 3, '(options: UndefinedInitialDataOptions<TData, Error, TData, TQueryKey>, queryClient?: QueryClient): UseQueryResult<...>', gave the following error.
    Type '(failureCount: number, error: ErrorLike) => boolean' is not assignable to type 'RetryValue<Error>'.
      Type '(failureCount: number, error: ErrorLike) => boolean' is not assignable to type 'ShouldRetryFunction<Error>'.
        Types of parameters 'error' and 'error' are incompatible.
          Type 'Error' has no properties in common with type '{ status?: number; }'.
  Overload 3 of 3, '(options: UseQueryOptions<TData, Error, TData, TQueryKey>, queryClient?: QueryClient): UseQueryResult<NoInfer<TData>, Error>', gave the following error.
    Type '(failureCount: number, error: ErrorLike) => boolean' is not assignable to type 'RetryValue<Error>'.
      Type '(failureCount: number, error: ErrorLike) => boolean' is not assignable to type 'ShouldRetryFunction<Error>'.
        Types of parameters 'error' and 'error' are incompatible.
          Type 'Error' has no properties in common with type '{ status?: number; }'.
shared/hooks/usePermissions.test.ts(103,55): error TS2304: Cannot find name 'AppRole'.
shared/lib/employeeArabicTemplateImport.ts(38,6): error TS2550: Property 'replaceAll' does not exist on type 'string'. Do you need to change your target library? Try changing the 'lib' compiler option to 'es2021' or later.
shared/lib/salaryExcelImport.ts(51,6): error TS2550: Property 'replaceAll' does not exist on type 'string'. Do you need to change your target library? Try changing the 'lib' compiler option to 'es2021' or later.
shared/lib/storagePath.ts(46,26): error TS2550: Property 'replaceAll' does not exist on type 'string'. Do you need to change your target library? Try changing the 'lib' compiler option to 'es2021' or later.
shared/test/setup.ts(91,4): error TS2352: Conversion of type 'typeof globalThis' to type '{ ResizeObserver?: typeof ResizeObserverMock; }' may be a mistake because neither type sufficiently overlaps with the other. If this was intentional, convert the expression to 'unknown' first.
  Types of property 'ResizeObserver' are incompatible.
    Type '{ new (callback: ResizeObserverCallback): ResizeObserver; prototype: ResizeObserver; }' is not comparable to type 'typeof ResizeObserverMock'.
      Target signature provides too few arguments. Expected 1 or more, but got 0.
shared/test/setup.ts(106,4): error TS2352: Conversion of type 'typeof globalThis' to type '{ IntersectionObserver?: typeof IntersectionObserverMock; }' may be a mistake because neither type sufficiently overlaps with the other. If this was intentional, convert the expression to 'unknown' first.
  Types of property 'IntersectionObserver' are incompatible.
    Type '{ new (callback: IntersectionObserverCallback, options?: IntersectionObserverInit): IntersectionObserver; prototype: IntersectionObserver; }' is not comparable to type 'typeof IntersectionObserverMock'.
      Target signature provides too few arguments. Expected 1 or more, but got 0.
